Archive member included because of file (symbol)

c:/winavr-20100110/bin/../lib/gcc/avr/4.3.3/avr5\libgcc.a(_exit.o)
                              c:/winavr-20100110/bin/../lib/gcc/avr/4.3.3/../../../../avr/lib/avr5/crtm32u4.o (exit)
c:/winavr-20100110/bin/../lib/gcc/avr/4.3.3/avr5\libgcc.a(_copy_data.o)
                              LaserRainbow.o (__do_copy_data)
c:/winavr-20100110/bin/../lib/gcc/avr/4.3.3/avr5\libgcc.a(_clear_bss.o)
                              LaserRainbow.o (__do_clear_bss)
c:/winavr-20100110/bin/../lib/gcc/avr/4.3.3/../../../../avr/lib/avr5\libc.a(memcpy_P.o)
                              lib/trunk/LUFA/Drivers/USB/Class/Device/RNDISClassDevice.o (memcpy_P)
c:/winavr-20100110/bin/../lib/gcc/avr/4.3.3/../../../../avr/lib/avr5\libc.a(memcmp.o)
                              lib/trunk/LUFA/Drivers/USB/Class/Device/HIDClassDevice.o (memcmp)
c:/winavr-20100110/bin/../lib/gcc/avr/4.3.3/../../../../avr/lib/avr5\libc.a(memcpy.o)
                              lib/trunk/LUFA/Drivers/USB/Class/Device/HIDClassDevice.o (memcpy)
c:/winavr-20100110/bin/../lib/gcc/avr/4.3.3/../../../../avr/lib/avr5\libc.a(memset.o)
                              lib/trunk/LUFA/Drivers/USB/Class/Device/HIDClassDevice.o (memset)
c:/winavr-20100110/bin/../lib/gcc/avr/4.3.3/../../../../avr/lib/avr5\libc.a(fgetc.o)
                              LaserRainbow.o (fgetc)
c:/winavr-20100110/bin/../lib/gcc/avr/4.3.3/../../../../avr/lib/avr5\libc.a(eerd_byte_atmega32u4.o)
                              lib/trunk/LUFA/Drivers/USB/Core/AVR8/EndpointStream_AVR8.o (__eerd_byte_m32u4)
c:/winavr-20100110/bin/../lib/gcc/avr/4.3.3/../../../../avr/lib/avr5\libc.a(eeupd_byte_atmega32u4.o)
                              lib/trunk/LUFA/Drivers/USB/Core/AVR8/EndpointStream_AVR8.o (__eeupd_byte_m32u4)

Allocating common symbols
Common symbol       size              file

USB_IsInitialized   0x1               lib/trunk/LUFA/Drivers/USB/Core/USBTask.o
USB_Device_ConfigurationNumber
                    0x1               lib/trunk/LUFA/Drivers/USB/Core/DeviceStandardReq.o
USB_Device_CurrentlySelfPowered
                    0x1               lib/trunk/LUFA/Drivers/USB/Core/DeviceStandardReq.o
USB_ControlRequest  0x8               lib/trunk/LUFA/Drivers/USB/Core/USBTask.o
USB_Device_RemoteWakeupEnabled
                    0x1               lib/trunk/LUFA/Drivers/USB/Core/DeviceStandardReq.o

Discarded input sections

 .data          0x00000000        0x0 c:/winavr-20100110/bin/../lib/gcc/avr/4.3.3/../../../../avr/lib/avr5/crtm32u4.o
 .bss           0x00000000        0x0 c:/winavr-20100110/bin/../lib/gcc/avr/4.3.3/../../../../avr/lib/avr5/crtm32u4.o
 .text          0x00000000        0x0 LaserRainbow.o
 .text          0x00000000        0x0 Descriptors.o
 .data          0x00000000        0x0 Descriptors.o
 .bss           0x00000000        0x0 Descriptors.o
 .text          0x00000000        0x0 lib/trunk/LUFA/Drivers/USB/Class/Common/HIDParser.o
 .data          0x00000000        0x0 lib/trunk/LUFA/Drivers/USB/Class/Common/HIDParser.o
 .bss           0x00000000        0x0 lib/trunk/LUFA/Drivers/USB/Class/Common/HIDParser.o
 .text.USB_GetHIDReportItemInfo
                0x00000000        0x0 lib/trunk/LUFA/Drivers/USB/Class/Common/HIDParser.o
 .text.USB_SetHIDReportItemInfo
                0x00000000        0x0 lib/trunk/LUFA/Drivers/USB/Class/Common/HIDParser.o
 .text.USB_GetHIDReportSize
                0x00000000        0x0 lib/trunk/LUFA/Drivers/USB/Class/Common/HIDParser.o
 .text.USB_ProcessHIDReport
                0x00000000        0x0 lib/trunk/LUFA/Drivers/USB/Class/Common/HIDParser.o
 .text          0x00000000        0x0 lib/trunk/LUFA/Drivers/USB/Core/AVR8/Device_AVR8.o
 .data          0x00000000        0x0 lib/trunk/LUFA/Drivers/USB/Core/AVR8/Device_AVR8.o
 .bss           0x00000000        0x0 lib/trunk/LUFA/Drivers/USB/Core/AVR8/Device_AVR8.o
 .text.USB_Device_SendRemoteWakeup
                0x00000000        0x0 lib/trunk/LUFA/Drivers/USB/Core/AVR8/Device_AVR8.o
 .text          0x00000000        0x0 lib/trunk/LUFA/Drivers/USB/Core/AVR8/EndpointStream_AVR8.o
 .data          0x00000000        0x0 lib/trunk/LUFA/Drivers/USB/Core/AVR8/EndpointStream_AVR8.o
 .bss           0x00000000        0x0 lib/trunk/LUFA/Drivers/USB/Core/AVR8/EndpointStream_AVR8.o
 .text.Endpoint_Write_Control_Stream_BE
                0x00000000        0x0 lib/trunk/LUFA/Drivers/USB/Core/AVR8/EndpointStream_AVR8.o
 .text.Endpoint_Read_Control_Stream_LE
                0x00000000        0x0 lib/trunk/LUFA/Drivers/USB/Core/AVR8/EndpointStream_AVR8.o
 .text.Endpoint_Read_Control_Stream_BE
                0x00000000        0x0 lib/trunk/LUFA/Drivers/USB/Core/AVR8/EndpointStream_AVR8.o
 .text.Endpoint_Write_Control_PStream_BE
                0x00000000        0x0 lib/trunk/LUFA/Drivers/USB/Core/AVR8/EndpointStream_AVR8.o
 .text.Endpoint_Read_Control_EStream_BE
                0x00000000        0x0 lib/trunk/LUFA/Drivers/USB/Core/AVR8/EndpointStream_AVR8.o
 .text.Endpoint_Read_Control_EStream_LE
                0x00000000        0x0 lib/trunk/LUFA/Drivers/USB/Core/AVR8/EndpointStream_AVR8.o
 .text.Endpoint_Write_Control_EStream_BE
                0x00000000        0x0 lib/trunk/LUFA/Drivers/USB/Core/AVR8/EndpointStream_AVR8.o
 .text.Endpoint_Write_Control_EStream_LE
                0x00000000        0x0 lib/trunk/LUFA/Drivers/USB/Core/AVR8/EndpointStream_AVR8.o
 .text.Endpoint_Null_Stream
                0x00000000        0x0 lib/trunk/LUFA/Drivers/USB/Core/AVR8/EndpointStream_AVR8.o
 .text.Endpoint_Discard_Stream
                0x00000000        0x0 lib/trunk/LUFA/Drivers/USB/Core/AVR8/EndpointStream_AVR8.o
 .text.Endpoint_Read_EStream_BE
                0x00000000        0x0 lib/trunk/LUFA/Drivers/USB/Core/AVR8/EndpointStream_AVR8.o
 .text.Endpoint_Read_EStream_LE
                0x00000000        0x0 lib/trunk/LUFA/Drivers/USB/Core/AVR8/EndpointStream_AVR8.o
 .text.Endpoint_Write_EStream_BE
                0x00000000        0x0 lib/trunk/LUFA/Drivers/USB/Core/AVR8/EndpointStream_AVR8.o
 .text.Endpoint_Write_EStream_LE
                0x00000000        0x0 lib/trunk/LUFA/Drivers/USB/Core/AVR8/EndpointStream_AVR8.o
 .text.Endpoint_Write_PStream_BE
                0x00000000        0x0 lib/trunk/LUFA/Drivers/USB/Core/AVR8/EndpointStream_AVR8.o
 .text.Endpoint_Write_PStream_LE
                0x00000000        0x0 lib/trunk/LUFA/Drivers/USB/Core/AVR8/EndpointStream_AVR8.o
 .text.Endpoint_Read_Stream_BE
                0x00000000        0x0 lib/trunk/LUFA/Drivers/USB/Core/AVR8/EndpointStream_AVR8.o
 .text.Endpoint_Read_Stream_LE
                0x00000000        0x0 lib/trunk/LUFA/Drivers/USB/Core/AVR8/EndpointStream_AVR8.o
 .text.Endpoint_Write_Stream_BE
                0x00000000        0x0 lib/trunk/LUFA/Drivers/USB/Core/AVR8/EndpointStream_AVR8.o
 .text.Endpoint_Write_Stream_LE
                0x00000000        0x0 lib/trunk/LUFA/Drivers/USB/Core/AVR8/EndpointStream_AVR8.o
 .text          0x00000000        0x0 lib/trunk/LUFA/Drivers/USB/Core/AVR8/Endpoint_AVR8.o
 .data          0x00000000        0x0 lib/trunk/LUFA/Drivers/USB/Core/AVR8/Endpoint_AVR8.o
 .bss           0x00000000        0x0 lib/trunk/LUFA/Drivers/USB/Core/AVR8/Endpoint_AVR8.o
 .text.Endpoint_ClearEndpoints
                0x00000000        0x0 lib/trunk/LUFA/Drivers/USB/Core/AVR8/Endpoint_AVR8.o
 .text          0x00000000        0x0 lib/trunk/LUFA/Drivers/USB/Core/AVR8/Host_AVR8.o
 .data          0x00000000        0x0 lib/trunk/LUFA/Drivers/USB/Core/AVR8/Host_AVR8.o
 .bss           0x00000000        0x0 lib/trunk/LUFA/Drivers/USB/Core/AVR8/Host_AVR8.o
 .text          0x00000000        0x0 lib/trunk/LUFA/Drivers/USB/Core/AVR8/PipeStream_AVR8.o
 .data          0x00000000        0x0 lib/trunk/LUFA/Drivers/USB/Core/AVR8/PipeStream_AVR8.o
 .bss           0x00000000        0x0 lib/trunk/LUFA/Drivers/USB/Core/AVR8/PipeStream_AVR8.o
 .text          0x00000000        0x0 lib/trunk/LUFA/Drivers/USB/Core/AVR8/Pipe_AVR8.o
 .data          0x00000000        0x0 lib/trunk/LUFA/Drivers/USB/Core/AVR8/Pipe_AVR8.o
 .bss           0x00000000        0x0 lib/trunk/LUFA/Drivers/USB/Core/AVR8/Pipe_AVR8.o
 .text          0x00000000        0x0 lib/trunk/LUFA/Drivers/USB/Core/AVR8/USBController_AVR8.o
 .data          0x00000000        0x0 lib/trunk/LUFA/Drivers/USB/Core/AVR8/USBController_AVR8.o
 .bss           0x00000000        0x0 lib/trunk/LUFA/Drivers/USB/Core/AVR8/USBController_AVR8.o
 .text.USB_Disable
                0x00000000        0x0 lib/trunk/LUFA/Drivers/USB/Core/AVR8/USBController_AVR8.o
 .text          0x00000000        0x0 lib/trunk/LUFA/Drivers/USB/Core/AVR8/USBInterrupt_AVR8.o
 .data          0x00000000        0x0 lib/trunk/LUFA/Drivers/USB/Core/AVR8/USBInterrupt_AVR8.o
 .bss           0x00000000        0x0 lib/trunk/LUFA/Drivers/USB/Core/AVR8/USBInterrupt_AVR8.o
 .text          0x00000000        0x0 lib/trunk/LUFA/Drivers/USB/Core/ConfigDescriptors.o
 .data          0x00000000        0x0 lib/trunk/LUFA/Drivers/USB/Core/ConfigDescriptors.o
 .bss           0x00000000        0x0 lib/trunk/LUFA/Drivers/USB/Core/ConfigDescriptors.o
 .text.USB_GetNextDescriptorOfType
                0x00000000        0x0 lib/trunk/LUFA/Drivers/USB/Core/ConfigDescriptors.o
 .text.USB_GetNextDescriptorOfTypeBefore
                0x00000000        0x0 lib/trunk/LUFA/Drivers/USB/Core/ConfigDescriptors.o
 .text.USB_GetNextDescriptorOfTypeAfter
                0x00000000        0x0 lib/trunk/LUFA/Drivers/USB/Core/ConfigDescriptors.o
 .text.USB_GetNextDescriptorComp
                0x00000000        0x0 lib/trunk/LUFA/Drivers/USB/Core/ConfigDescriptors.o
 .text          0x00000000        0x0 lib/trunk/LUFA/Drivers/USB/Core/DeviceStandardReq.o
 .data          0x00000000        0x0 lib/trunk/LUFA/Drivers/USB/Core/DeviceStandardReq.o
 .bss           0x00000000        0x0 lib/trunk/LUFA/Drivers/USB/Core/DeviceStandardReq.o
 .text          0x00000000        0x0 lib/trunk/LUFA/Drivers/USB/Core/Events.o
 .data          0x00000000        0x0 lib/trunk/LUFA/Drivers/USB/Core/Events.o
 .bss           0x00000000        0x0 lib/trunk/LUFA/Drivers/USB/Core/Events.o
 .text          0x00000000        0x0 lib/trunk/LUFA/Drivers/USB/Core/HostStandardReq.o
 .data          0x00000000        0x0 lib/trunk/LUFA/Drivers/USB/Core/HostStandardReq.o
 .bss           0x00000000        0x0 lib/trunk/LUFA/Drivers/USB/Core/HostStandardReq.o
 .text          0x00000000        0x0 lib/trunk/LUFA/Drivers/USB/Core/USBTask.o
 .data          0x00000000        0x0 lib/trunk/LUFA/Drivers/USB/Core/USBTask.o
 .bss           0x00000000        0x0 lib/trunk/LUFA/Drivers/USB/Core/USBTask.o
 .text          0x00000000        0x0 lib/trunk/LUFA/Drivers/USB/Class/Device/AudioClassDevice.o
 .data          0x00000000        0x0 lib/trunk/LUFA/Drivers/USB/Class/Device/AudioClassDevice.o
 .bss           0x00000000        0x0 lib/trunk/LUFA/Drivers/USB/Class/Device/AudioClassDevice.o
 .text.Audio_Device_Event_Stub
                0x00000000        0x0 lib/trunk/LUFA/Drivers/USB/Class/Device/AudioClassDevice.o
 .text.Audio_Device_ConfigureEndpoints
                0x00000000        0x0 lib/trunk/LUFA/Drivers/USB/Class/Device/AudioClassDevice.o
 .text.Audio_Device_ProcessControlRequest
                0x00000000        0x0 lib/trunk/LUFA/Drivers/USB/Class/Device/AudioClassDevice.o
 .text          0x00000000        0x0 lib/trunk/LUFA/Drivers/USB/Class/Device/CDCClassDevice.o
 .data          0x00000000        0x0 lib/trunk/LUFA/Drivers/USB/Class/Device/CDCClassDevice.o
 .bss           0x00000000        0x0 lib/trunk/LUFA/Drivers/USB/Class/Device/CDCClassDevice.o
 .text.CDC_Device_BytesReceived
                0x00000000        0x0 lib/trunk/LUFA/Drivers/USB/Class/Device/CDCClassDevice.o
 .text.CDC_Device_CreateStream
                0x00000000        0x0 lib/trunk/LUFA/Drivers/USB/Class/Device/CDCClassDevice.o
 .text.CDC_Device_getchar
                0x00000000        0x0 lib/trunk/LUFA/Drivers/USB/Class/Device/CDCClassDevice.o
 .text.CDC_Device_SendControlLineStateChange
                0x00000000        0x0 lib/trunk/LUFA/Drivers/USB/Class/Device/CDCClassDevice.o
 .text.CDC_Device_SendData
                0x00000000        0x0 lib/trunk/LUFA/Drivers/USB/Class/Device/CDCClassDevice.o
 .text.CDC_Device_SendString
                0x00000000        0x0 lib/trunk/LUFA/Drivers/USB/Class/Device/CDCClassDevice.o
 .text          0x00000000        0x0 lib/trunk/LUFA/Drivers/USB/Class/Device/HIDClassDevice.o
 .data          0x00000000        0x0 lib/trunk/LUFA/Drivers/USB/Class/Device/HIDClassDevice.o
 .bss           0x00000000        0x0 lib/trunk/LUFA/Drivers/USB/Class/Device/HIDClassDevice.o
 .text.HID_Device_USBTask
                0x00000000        0x0 lib/trunk/LUFA/Drivers/USB/Class/Device/HIDClassDevice.o
 .text.HID_Device_ConfigureEndpoints
                0x00000000        0x0 lib/trunk/LUFA/Drivers/USB/Class/Device/HIDClassDevice.o
 .text.HID_Device_ProcessControlRequest
                0x00000000        0x0 lib/trunk/LUFA/Drivers/USB/Class/Device/HIDClassDevice.o
 .text          0x00000000        0x0 lib/trunk/LUFA/Drivers/USB/Class/Device/MassStorageClassDevice.o
 .data          0x00000000        0x0 lib/trunk/LUFA/Drivers/USB/Class/Device/MassStorageClassDevice.o
 .bss           0x00000000        0x0 lib/trunk/LUFA/Drivers/USB/Class/Device/MassStorageClassDevice.o
 .text.MS_Device_USBTask
                0x00000000        0x0 lib/trunk/LUFA/Drivers/USB/Class/Device/MassStorageClassDevice.o
 .text.MS_Device_ConfigureEndpoints
                0x00000000        0x0 lib/trunk/LUFA/Drivers/USB/Class/Device/MassStorageClassDevice.o
 .text.MS_Device_ProcessControlRequest
                0x00000000        0x0 lib/trunk/LUFA/Drivers/USB/Class/Device/MassStorageClassDevice.o
 .text          0x00000000        0x0 lib/trunk/LUFA/Drivers/USB/Class/Device/MIDIClassDevice.o
 .data          0x00000000        0x0 lib/trunk/LUFA/Drivers/USB/Class/Device/MIDIClassDevice.o
 .bss           0x00000000        0x0 lib/trunk/LUFA/Drivers/USB/Class/Device/MIDIClassDevice.o
 .text.MIDI_Device_ReceiveEventPacket
                0x00000000        0x0 lib/trunk/LUFA/Drivers/USB/Class/Device/MIDIClassDevice.o
 .text.MIDI_Device_Flush
                0x00000000        0x0 lib/trunk/LUFA/Drivers/USB/Class/Device/MIDIClassDevice.o
 .text.MIDI_Device_USBTask
                0x00000000        0x0 lib/trunk/LUFA/Drivers/USB/Class/Device/MIDIClassDevice.o
 .text.MIDI_Device_SendEventPacket
                0x00000000        0x0 lib/trunk/LUFA/Drivers/USB/Class/Device/MIDIClassDevice.o
 .text.MIDI_Device_ConfigureEndpoints
                0x00000000        0x0 lib/trunk/LUFA/Drivers/USB/Class/Device/MIDIClassDevice.o
 .text          0x00000000        0x0 lib/trunk/LUFA/Drivers/USB/Class/Device/RNDISClassDevice.o
 .data          0x00000000        0x0 lib/trunk/LUFA/Drivers/USB/Class/Device/RNDISClassDevice.o
 .bss           0x00000000        0x0 lib/trunk/LUFA/Drivers/USB/Class/Device/RNDISClassDevice.o
 .text.RNDIS_Device_IsPacketReceived
                0x00000000        0x0 lib/trunk/LUFA/Drivers/USB/Class/Device/RNDISClassDevice.o
 .text.RNDIS_Device_SendPacket
                0x00000000        0x0 lib/trunk/LUFA/Drivers/USB/Class/Device/RNDISClassDevice.o
 .text.RNDIS_Device_USBTask
                0x00000000        0x0 lib/trunk/LUFA/Drivers/USB/Class/Device/RNDISClassDevice.o
 .text.RNDIS_Device_ReadPacket
                0x00000000        0x0 lib/trunk/LUFA/Drivers/USB/Class/Device/RNDISClassDevice.o
 .text.RNDIS_Device_ConfigureEndpoints
                0x00000000        0x0 lib/trunk/LUFA/Drivers/USB/Class/Device/RNDISClassDevice.o
 .text.RNDIS_Device_ProcessControlRequest
                0x00000000        0x0 lib/trunk/LUFA/Drivers/USB/Class/Device/RNDISClassDevice.o
 .progmem.data  0x00000000        0x0 lib/trunk/LUFA/Drivers/USB/Class/Device/RNDISClassDevice.o
 .text          0x00000000        0x0 lib/trunk/LUFA/Drivers/USB/Class/Host/AndroidAccessoryClassHost.o
 .data          0x00000000        0x0 lib/trunk/LUFA/Drivers/USB/Class/Host/AndroidAccessoryClassHost.o
 .bss           0x00000000        0x0 lib/trunk/LUFA/Drivers/USB/Class/Host/AndroidAccessoryClassHost.o
 .text          0x00000000        0x0 lib/trunk/LUFA/Drivers/USB/Class/Host/AudioClassHost.o
 .data          0x00000000        0x0 lib/trunk/LUFA/Drivers/USB/Class/Host/AudioClassHost.o
 .bss           0x00000000        0x0 lib/trunk/LUFA/Drivers/USB/Class/Host/AudioClassHost.o
 .text          0x00000000        0x0 lib/trunk/LUFA/Drivers/USB/Class/Host/CDCClassHost.o
 .data          0x00000000        0x0 lib/trunk/LUFA/Drivers/USB/Class/Host/CDCClassHost.o
 .bss           0x00000000        0x0 lib/trunk/LUFA/Drivers/USB/Class/Host/CDCClassHost.o
 .text          0x00000000        0x0 lib/trunk/LUFA/Drivers/USB/Class/Host/HIDClassHost.o
 .data          0x00000000        0x0 lib/trunk/LUFA/Drivers/USB/Class/Host/HIDClassHost.o
 .bss           0x00000000        0x0 lib/trunk/LUFA/Drivers/USB/Class/Host/HIDClassHost.o
 .text          0x00000000        0x0 lib/trunk/LUFA/Drivers/USB/Class/Host/MassStorageClassHost.o
 .data          0x00000000        0x0 lib/trunk/LUFA/Drivers/USB/Class/Host/MassStorageClassHost.o
 .bss           0x00000000        0x0 lib/trunk/LUFA/Drivers/USB/Class/Host/MassStorageClassHost.o
 .text          0x00000000        0x0 lib/trunk/LUFA/Drivers/USB/Class/Host/MIDIClassHost.o
 .data          0x00000000        0x0 lib/trunk/LUFA/Drivers/USB/Class/Host/MIDIClassHost.o
 .bss           0x00000000        0x0 lib/trunk/LUFA/Drivers/USB/Class/Host/MIDIClassHost.o
 .text          0x00000000        0x0 lib/trunk/LUFA/Drivers/USB/Class/Host/PrinterClassHost.o
 .data          0x00000000        0x0 lib/trunk/LUFA/Drivers/USB/Class/Host/PrinterClassHost.o
 .bss           0x00000000        0x0 lib/trunk/LUFA/Drivers/USB/Class/Host/PrinterClassHost.o
 .text          0x00000000        0x0 lib/trunk/LUFA/Drivers/USB/Class/Host/RNDISClassHost.o
 .data          0x00000000        0x0 lib/trunk/LUFA/Drivers/USB/Class/Host/RNDISClassHost.o
 .bss           0x00000000        0x0 lib/trunk/LUFA/Drivers/USB/Class/Host/RNDISClassHost.o
 .text          0x00000000        0x0 lib/trunk/LUFA/Drivers/USB/Class/Host/StillImageClassHost.o
 .data          0x00000000        0x0 lib/trunk/LUFA/Drivers/USB/Class/Host/StillImageClassHost.o
 .bss           0x00000000        0x0 lib/trunk/LUFA/Drivers/USB/Class/Host/StillImageClassHost.o
 .text          0x00000000        0x0 c:/winavr-20100110/bin/../lib/gcc/avr/4.3.3/avr5\libgcc.a(_exit.o)
 .data          0x00000000        0x0 c:/winavr-20100110/bin/../lib/gcc/avr/4.3.3/avr5\libgcc.a(_exit.o)
 .bss           0x00000000        0x0 c:/winavr-20100110/bin/../lib/gcc/avr/4.3.3/avr5\libgcc.a(_exit.o)
 .text.libgcc   0x00000000        0x0 c:/winavr-20100110/bin/../lib/gcc/avr/4.3.3/avr5\libgcc.a(_exit.o)
 .text          0x00000000        0x0 c:/winavr-20100110/bin/../lib/gcc/avr/4.3.3/avr5\libgcc.a(_copy_data.o)
 .data          0x00000000        0x0 c:/winavr-20100110/bin/../lib/gcc/avr/4.3.3/avr5\libgcc.a(_copy_data.o)
 .bss           0x00000000        0x0 c:/winavr-20100110/bin/../lib/gcc/avr/4.3.3/avr5\libgcc.a(_copy_data.o)
 .text.libgcc   0x00000000        0x0 c:/winavr-20100110/bin/../lib/gcc/avr/4.3.3/avr5\libgcc.a(_copy_data.o)
 .text          0x00000000        0x0 c:/winavr-20100110/bin/../lib/gcc/avr/4.3.3/avr5\libgcc.a(_clear_bss.o)
 .data          0x00000000        0x0 c:/winavr-20100110/bin/../lib/gcc/avr/4.3.3/avr5\libgcc.a(_clear_bss.o)
 .bss           0x00000000        0x0 c:/winavr-20100110/bin/../lib/gcc/avr/4.3.3/avr5\libgcc.a(_clear_bss.o)
 .text.libgcc   0x00000000        0x0 c:/winavr-20100110/bin/../lib/gcc/avr/4.3.3/avr5\libgcc.a(_clear_bss.o)
 .text          0x00000000        0x0 c:/winavr-20100110/bin/../lib/gcc/avr/4.3.3/../../../../avr/lib/avr5\libc.a(memcpy_P.o)
 .data          0x00000000        0x0 c:/winavr-20100110/bin/../lib/gcc/avr/4.3.3/../../../../avr/lib/avr5\libc.a(memcpy_P.o)
 .bss           0x00000000        0x0 c:/winavr-20100110/bin/../lib/gcc/avr/4.3.3/../../../../avr/lib/avr5\libc.a(memcpy_P.o)
 .text.avr-libc
                0x00000000        0x0 c:/winavr-20100110/bin/../lib/gcc/avr/4.3.3/../../../../avr/lib/avr5\libc.a(memcpy_P.o)
 .text          0x00000000        0x0 c:/winavr-20100110/bin/../lib/gcc/avr/4.3.3/../../../../avr/lib/avr5\libc.a(memcmp.o)
 .data          0x00000000        0x0 c:/winavr-20100110/bin/../lib/gcc/avr/4.3.3/../../../../avr/lib/avr5\libc.a(memcmp.o)
 .bss           0x00000000        0x0 c:/winavr-20100110/bin/../lib/gcc/avr/4.3.3/../../../../avr/lib/avr5\libc.a(memcmp.o)
 .text.avr-libc
                0x00000000        0x0 c:/winavr-20100110/bin/../lib/gcc/avr/4.3.3/../../../../avr/lib/avr5\libc.a(memcmp.o)
 .text          0x00000000        0x0 c:/winavr-20100110/bin/../lib/gcc/avr/4.3.3/../../../../avr/lib/avr5\libc.a(memcpy.o)
 .data          0x00000000        0x0 c:/winavr-20100110/bin/../lib/gcc/avr/4.3.3/../../../../avr/lib/avr5\libc.a(memcpy.o)
 .bss           0x00000000        0x0 c:/winavr-20100110/bin/../lib/gcc/avr/4.3.3/../../../../avr/lib/avr5\libc.a(memcpy.o)
 .text.avr-libc
                0x00000000        0x0 c:/winavr-20100110/bin/../lib/gcc/avr/4.3.3/../../../../avr/lib/avr5\libc.a(memcpy.o)
 .text          0x00000000        0x0 c:/winavr-20100110/bin/../lib/gcc/avr/4.3.3/../../../../avr/lib/avr5\libc.a(memset.o)
 .data          0x00000000        0x0 c:/winavr-20100110/bin/../lib/gcc/avr/4.3.3/../../../../avr/lib/avr5\libc.a(memset.o)
 .bss           0x00000000        0x0 c:/winavr-20100110/bin/../lib/gcc/avr/4.3.3/../../../../avr/lib/avr5\libc.a(memset.o)
 .text.avr-libc
                0x00000000        0x0 c:/winavr-20100110/bin/../lib/gcc/avr/4.3.3/../../../../avr/lib/avr5\libc.a(memset.o)
 .text          0x00000000        0x0 c:/winavr-20100110/bin/../lib/gcc/avr/4.3.3/../../../../avr/lib/avr5\libc.a(fgetc.o)
 .data          0x00000000        0x0 c:/winavr-20100110/bin/../lib/gcc/avr/4.3.3/../../../../avr/lib/avr5\libc.a(fgetc.o)
 .bss           0x00000000        0x0 c:/winavr-20100110/bin/../lib/gcc/avr/4.3.3/../../../../avr/lib/avr5\libc.a(fgetc.o)
 .text          0x00000000        0x0 c:/winavr-20100110/bin/../lib/gcc/avr/4.3.3/../../../../avr/lib/avr5\libc.a(eerd_byte_atmega32u4.o)
 .data          0x00000000        0x0 c:/winavr-20100110/bin/../lib/gcc/avr/4.3.3/../../../../avr/lib/avr5\libc.a(eerd_byte_atmega32u4.o)
 .bss           0x00000000        0x0 c:/winavr-20100110/bin/../lib/gcc/avr/4.3.3/../../../../avr/lib/avr5\libc.a(eerd_byte_atmega32u4.o)
 .text.avr-libc
                0x00000000        0x0 c:/winavr-20100110/bin/../lib/gcc/avr/4.3.3/../../../../avr/lib/avr5\libc.a(eerd_byte_atmega32u4.o)
 .text          0x00000000        0x0 c:/winavr-20100110/bin/../lib/gcc/avr/4.3.3/../../../../avr/lib/avr5\libc.a(eeupd_byte_atmega32u4.o)
 .data          0x00000000        0x0 c:/winavr-20100110/bin/../lib/gcc/avr/4.3.3/../../../../avr/lib/avr5\libc.a(eeupd_byte_atmega32u4.o)
 .bss           0x00000000        0x0 c:/winavr-20100110/bin/../lib/gcc/avr/4.3.3/../../../../avr/lib/avr5\libc.a(eeupd_byte_atmega32u4.o)
 .text.avr-libc
                0x00000000        0x0 c:/winavr-20100110/bin/../lib/gcc/avr/4.3.3/../../../../avr/lib/avr5\libc.a(eeupd_byte_atmega32u4.o)

Memory Configuration

Name             Origin             Length             Attributes
text             0x00000000         0x00020000         xr
data             0x00800060         0x0000ffa0         rw !x
eeprom           0x00810000         0x00010000         rw !x
fuse             0x00820000         0x00000400         rw !x
lock             0x00830000         0x00000400         rw !x
signature        0x00840000         0x00000400         rw !x
*default*        0x00000000         0xffffffff

Linker script and memory map

Address of section .data set to 0x800100
LOAD c:/winavr-20100110/bin/../lib/gcc/avr/4.3.3/../../../../avr/lib/avr5/crtm32u4.o
LOAD LaserRainbow.o
LOAD Descriptors.o
LOAD lib/trunk/LUFA/Drivers/USB/Class/Common/HIDParser.o
LOAD lib/trunk/LUFA/Drivers/USB/Core/AVR8/Device_AVR8.o
LOAD lib/trunk/LUFA/Drivers/USB/Core/AVR8/EndpointStream_AVR8.o
LOAD lib/trunk/LUFA/Drivers/USB/Core/AVR8/Endpoint_AVR8.o
LOAD lib/trunk/LUFA/Drivers/USB/Core/AVR8/Host_AVR8.o
LOAD lib/trunk/LUFA/Drivers/USB/Core/AVR8/PipeStream_AVR8.o
LOAD lib/trunk/LUFA/Drivers/USB/Core/AVR8/Pipe_AVR8.o
LOAD lib/trunk/LUFA/Drivers/USB/Core/AVR8/USBController_AVR8.o
LOAD lib/trunk/LUFA/Drivers/USB/Core/AVR8/USBInterrupt_AVR8.o
LOAD lib/trunk/LUFA/Drivers/USB/Core/ConfigDescriptors.o
LOAD lib/trunk/LUFA/Drivers/USB/Core/DeviceStandardReq.o
LOAD lib/trunk/LUFA/Drivers/USB/Core/Events.o
LOAD lib/trunk/LUFA/Drivers/USB/Core/HostStandardReq.o
LOAD lib/trunk/LUFA/Drivers/USB/Core/USBTask.o
LOAD lib/trunk/LUFA/Drivers/USB/Class/Device/AudioClassDevice.o
LOAD lib/trunk/LUFA/Drivers/USB/Class/Device/CDCClassDevice.o
LOAD lib/trunk/LUFA/Drivers/USB/Class/Device/HIDClassDevice.o
LOAD lib/trunk/LUFA/Drivers/USB/Class/Device/MassStorageClassDevice.o
LOAD lib/trunk/LUFA/Drivers/USB/Class/Device/MIDIClassDevice.o
LOAD lib/trunk/LUFA/Drivers/USB/Class/Device/RNDISClassDevice.o
LOAD lib/trunk/LUFA/Drivers/USB/Class/Host/AndroidAccessoryClassHost.o
LOAD lib/trunk/LUFA/Drivers/USB/Class/Host/AudioClassHost.o
LOAD lib/trunk/LUFA/Drivers/USB/Class/Host/CDCClassHost.o
LOAD lib/trunk/LUFA/Drivers/USB/Class/Host/HIDClassHost.o
LOAD lib/trunk/LUFA/Drivers/USB/Class/Host/MassStorageClassHost.o
LOAD lib/trunk/LUFA/Drivers/USB/Class/Host/MIDIClassHost.o
LOAD lib/trunk/LUFA/Drivers/USB/Class/Host/PrinterClassHost.o
LOAD lib/trunk/LUFA/Drivers/USB/Class/Host/RNDISClassHost.o
LOAD lib/trunk/LUFA/Drivers/USB/Class/Host/StillImageClassHost.o
LOAD c:/winavr-20100110/bin/../lib/gcc/avr/4.3.3/../../../../avr/lib/avr5\libm.a
LOAD c:/winavr-20100110/bin/../lib/gcc/avr/4.3.3/avr5\libgcc.a
LOAD c:/winavr-20100110/bin/../lib/gcc/avr/4.3.3/../../../../avr/lib/avr5\libc.a
LOAD c:/winavr-20100110/bin/../lib/gcc/avr/4.3.3/avr5\libgcc.a

.hash
 *(.hash)

.dynsym
 *(.dynsym)

.dynstr
 *(.dynstr)

.gnu.version
 *(.gnu.version)

.gnu.version_d
 *(.gnu.version_d)

.gnu.version_r
 *(.gnu.version_r)

.rel.init
 *(.rel.init)

.rela.init
 *(.rela.init)

.rel.text
 *(.rel.text)
 *(.rel.text.*)
 *(.rel.gnu.linkonce.t*)

.rela.text
 *(.rela.text)
 *(.rela.text.*)
 *(.rela.gnu.linkonce.t*)

.rel.fini
 *(.rel.fini)

.rela.fini
 *(.rela.fini)

.rel.rodata
 *(.rel.rodata)
 *(.rel.rodata.*)
 *(.rel.gnu.linkonce.r*)

.rela.rodata
 *(.rela.rodata)
 *(.rela.rodata.*)
 *(.rela.gnu.linkonce.r*)

.rel.data
 *(.rel.data)
 *(.rel.data.*)
 *(.rel.gnu.linkonce.d*)

.rela.data
 *(.rela.data)
 *(.rela.data.*)
 *(.rela.gnu.linkonce.d*)

.rel.ctors
 *(.rel.ctors)

.rela.ctors
 *(.rela.ctors)

.rel.dtors
 *(.rel.dtors)

.rela.dtors
 *(.rela.dtors)

.rel.got
 *(.rel.got)

.rela.got
 *(.rela.got)

.rel.bss
 *(.rel.bss)

.rela.bss
 *(.rela.bss)

.rel.plt
 *(.rel.plt)

.rela.plt
 *(.rela.plt)

.text           0x00000000      0xeee
 *(.vectors)
 .vectors       0x00000000       0xac c:/winavr-20100110/bin/../lib/gcc/avr/4.3.3/../../../../avr/lib/avr5/crtm32u4.o
                0x00000000                __vectors
                0x00000000                __vector_default
 *(.vectors)
 *(.progmem.gcc*)
 *(.progmem*)
 .progmem.data  0x000000ac       0x92 Descriptors.o
                0x00000100                ManufacturerString
                0x000000fc                LanguageString
                0x000000ac                DeviceDescriptor
                0x00000120                ProductString
                0x000000be                ConfigurationDescriptor
                0x0000013e                . = ALIGN (0x2)
                0x0000013e                __trampolines_start = .
 *(.trampolines)
 .trampolines   0x0000013e        0x0 linker stubs
 *(.trampolines*)
                0x0000013e                __trampolines_end = .
 *(.jumptables)
 *(.jumptables*)
 *(.lowtext)
 *(.lowtext*)
                0x0000013e                __ctors_start = .
 *(.ctors)
                0x0000013e                __ctors_end = .
                0x0000013e                __dtors_start = .
 *(.dtors)
                0x0000013e                __dtors_end = .
 SORT(*)(.ctors)
 SORT(*)(.dtors)
 *(.init0)
 .init0         0x0000013e        0x0 c:/winavr-20100110/bin/../lib/gcc/avr/4.3.3/../../../../avr/lib/avr5/crtm32u4.o
                0x0000013e                __init
 *(.init0)
 *(.init1)
 *(.init1)
 *(.init2)
 .init2         0x0000013e        0xc c:/winavr-20100110/bin/../lib/gcc/avr/4.3.3/../../../../avr/lib/avr5/crtm32u4.o
 *(.init2)
 *(.init3)
 *(.init3)
 *(.init4)
 .init4         0x0000014a       0x16 c:/winavr-20100110/bin/../lib/gcc/avr/4.3.3/avr5\libgcc.a(_copy_data.o)
                0x0000014a                __do_copy_data
 .init4         0x00000160       0x10 c:/winavr-20100110/bin/../lib/gcc/avr/4.3.3/avr5\libgcc.a(_clear_bss.o)
                0x00000160                __do_clear_bss
 *(.init4)
 *(.init5)
 *(.init5)
 *(.init6)
 *(.init6)
 *(.init7)
 *(.init7)
 *(.init8)
 *(.init8)
 *(.init9)
 .init9         0x00000170        0x4 c:/winavr-20100110/bin/../lib/gcc/avr/4.3.3/../../../../avr/lib/avr5/crtm32u4.o
 *(.init9)
 *(.text)
 .text          0x00000174        0x2 c:/winavr-20100110/bin/../lib/gcc/avr/4.3.3/../../../../avr/lib/avr5/crtm32u4.o
                0x00000174                __vector_38
                0x00000174                __vector_22
                0x00000174                __vector_28
                0x00000174                __vector_1
                0x00000174                __vector_32
                0x00000174                __vector_34
                0x00000174                __vector_24
                0x00000174                __vector_12
                0x00000174                __bad_interrupt
                0x00000174                __vector_6
                0x00000174                __vector_31
                0x00000174                __vector_35
                0x00000174                __vector_39
                0x00000174                __vector_3
                0x00000174                __vector_23
                0x00000174                __vector_30
                0x00000174                __vector_25
                0x00000174                __vector_11
                0x00000174                __vector_13
                0x00000174                __vector_17
                0x00000174                __vector_19
                0x00000174                __vector_7
                0x00000174                __vector_41
                0x00000174                __vector_27
                0x00000174                __vector_5
                0x00000174                __vector_33
                0x00000174                __vector_37
                0x00000174                __vector_4
                0x00000174                __vector_9
                0x00000174                __vector_2
                0x00000174                __vector_15
                0x00000174                __vector_36
                0x00000174                __vector_29
                0x00000174                __vector_40
                0x00000174                __vector_8
                0x00000174                __vector_26
                0x00000174                __vector_14
                0x00000174                __vector_16
                0x00000174                __vector_18
                0x00000174                __vector_20
                0x00000174                __vector_42
                0x00000176                . = ALIGN (0x2)
 *(.text.*)
 .text.__vector_21
                0x00000176       0x4c LaserRainbow.o
                0x00000176                __vector_21
 .text.EVENT_USB_Device_ControlRequest
                0x000001c2        0x6 LaserRainbow.o
                0x000001c2                EVENT_USB_Device_ControlRequest
 .text.EVENT_USB_Device_ConfigurationChanged
                0x000001c8        0x6 LaserRainbow.o
                0x000001c8                EVENT_USB_Device_ConfigurationChanged
 .text.SetupHardware
                0x000001ce       0x42 LaserRainbow.o
                0x000001ce                SetupHardware
 .text.main     0x00000210       0x3e LaserRainbow.o
                0x00000210                main
 .text.CALLBACK_USB_GetDescriptor
                0x0000024e       0x5c Descriptors.o
                0x0000024e                CALLBACK_USB_GetDescriptor
 .text.Endpoint_Write_Control_Stream_LE
                0x000002aa       0xc8 lib/trunk/LUFA/Drivers/USB/Core/AVR8/EndpointStream_AVR8.o
                0x000002aa                Endpoint_Write_Control_Stream_LE
 .text.Endpoint_Write_Control_PStream_LE
                0x00000372       0xcc lib/trunk/LUFA/Drivers/USB/Core/AVR8/EndpointStream_AVR8.o
                0x00000372                Endpoint_Write_Control_PStream_LE
 .text.Endpoint_ConfigureEndpoint_Prv
                0x0000043e       0x70 lib/trunk/LUFA/Drivers/USB/Core/AVR8/Endpoint_AVR8.o
                0x0000043e                Endpoint_ConfigureEndpoint_Prv
 .text.Endpoint_ConfigureEndpointTable
                0x000004ae       0x78 lib/trunk/LUFA/Drivers/USB/Core/AVR8/Endpoint_AVR8.o
                0x000004ae                Endpoint_ConfigureEndpointTable
 .text.Endpoint_ClearStatusStage
                0x00000526       0x3e lib/trunk/LUFA/Drivers/USB/Core/AVR8/Endpoint_AVR8.o
                0x00000526                Endpoint_ClearStatusStage
 .text.Endpoint_WaitUntilReady
                0x00000564       0x62 lib/trunk/LUFA/Drivers/USB/Core/AVR8/Endpoint_AVR8.o
                0x00000564                Endpoint_WaitUntilReady
 .text.USB_ResetInterface
                0x000005c6       0x86 lib/trunk/LUFA/Drivers/USB/Core/AVR8/USBController_AVR8.o
                0x000005c6                USB_ResetInterface
 .text.USB_Init
                0x0000064c       0x20 lib/trunk/LUFA/Drivers/USB/Core/AVR8/USBController_AVR8.o
                0x0000064c                USB_Init
 .text.USB_INT_DisableAllInterrupts
                0x0000066c       0x10 lib/trunk/LUFA/Drivers/USB/Core/AVR8/USBInterrupt_AVR8.o
                0x0000066c                USB_INT_DisableAllInterrupts
 .text.USB_INT_ClearAllInterrupts
                0x0000067c        0xa lib/trunk/LUFA/Drivers/USB/Core/AVR8/USBInterrupt_AVR8.o
                0x0000067c                USB_INT_ClearAllInterrupts
 .text.__vector_10
                0x00000686      0x17a lib/trunk/LUFA/Drivers/USB/Core/AVR8/USBInterrupt_AVR8.o
                0x00000686                __vector_10
 .text.USB_Device_ProcessControlRequest
                0x00000800      0x2cc lib/trunk/LUFA/Drivers/USB/Core/DeviceStandardReq.o
                0x00000800                USB_Device_ProcessControlRequest
 .text.USB_Event_Stub
                0x00000acc        0x2 lib/trunk/LUFA/Drivers/USB/Core/Events.o
                0x00000acc                EVENT_USB_Device_Connect
                0x00000acc                EVENT_USB_Device_WakeUp
                0x00000acc                USB_Event_Stub
                0x00000acc                EVENT_USB_Device_Suspend
                0x00000acc                EVENT_USB_Device_StartOfFrame
                0x00000acc                EVENT_USB_Device_Disconnect
                0x00000acc                EVENT_USB_Device_Reset
 .text.USB_USBTask
                0x00000ace       0x28 lib/trunk/LUFA/Drivers/USB/Core/USBTask.o
                0x00000ace                USB_USBTask
 .text.CDC_Device_ReceiveByte
                0x00000af6       0x76 lib/trunk/LUFA/Drivers/USB/Class/Device/CDCClassDevice.o
                0x00000af6                CDC_Device_ReceiveByte
 .text.CDC_Device_CreateBlockingStream
                0x00000b6c       0x26 lib/trunk/LUFA/Drivers/USB/Class/Device/CDCClassDevice.o
                0x00000b6c                CDC_Device_CreateBlockingStream
 .text.CDC_Device_Event_Stub
                0x00000b92        0x2 lib/trunk/LUFA/Drivers/USB/Class/Device/CDCClassDevice.o
                0x00000b92                EVENT_CDC_Device_LineEncodingChanged
                0x00000b92                EVENT_CDC_Device_ControLineStateChanged
                0x00000b92                EVENT_CDC_Device_BreakSent
                0x00000b92                CDC_Device_Event_Stub
 .text.CDC_Device_Flush
                0x00000b94       0x66 lib/trunk/LUFA/Drivers/USB/Class/Device/CDCClassDevice.o
                0x00000b94                CDC_Device_Flush
 .text.CDC_Device_USBTask
                0x00000bfa       0x2e lib/trunk/LUFA/Drivers/USB/Class/Device/CDCClassDevice.o
                0x00000bfa                CDC_Device_USBTask
 .text.CDC_Device_getchar_Blocking
                0x00000c28       0x30 lib/trunk/LUFA/Drivers/USB/Class/Device/CDCClassDevice.o
 .text.CDC_Device_SendByte
                0x00000c58       0x4a lib/trunk/LUFA/Drivers/USB/Class/Device/CDCClassDevice.o
                0x00000c58                CDC_Device_SendByte
 .text.CDC_Device_putchar
                0x00000ca2       0x1e lib/trunk/LUFA/Drivers/USB/Class/Device/CDCClassDevice.o
 .text.CDC_Device_ConfigureEndpoints
                0x00000cc0       0x4e lib/trunk/LUFA/Drivers/USB/Class/Device/CDCClassDevice.o
                0x00000cc0                CDC_Device_ConfigureEndpoints
 .text.CDC_Device_ProcessControlRequest
                0x00000d0e      0x158 lib/trunk/LUFA/Drivers/USB/Class/Device/CDCClassDevice.o
                0x00000d0e                CDC_Device_ProcessControlRequest
 .text.avr-libc
                0x00000e66       0x84 c:/winavr-20100110/bin/../lib/gcc/avr/4.3.3/../../../../avr/lib/avr5\libc.a(fgetc.o)
                0x00000e66                fgetc
                0x00000eea                . = ALIGN (0x2)
 *(.fini9)
 .fini9         0x00000eea        0x0 c:/winavr-20100110/bin/../lib/gcc/avr/4.3.3/avr5\libgcc.a(_exit.o)
                0x00000eea                exit
                0x00000eea                _exit
 *(.fini9)
 *(.fini8)
 *(.fini8)
 *(.fini7)
 *(.fini7)
 *(.fini6)
 *(.fini6)
 *(.fini5)
 *(.fini5)
 *(.fini4)
 *(.fini4)
 *(.fini3)
 *(.fini3)
 *(.fini2)
 *(.fini2)
 *(.fini1)
 *(.fini1)
 *(.fini0)
 .fini0         0x00000eea        0x4 c:/winavr-20100110/bin/../lib/gcc/avr/4.3.3/avr5\libgcc.a(_exit.o)
 *(.fini0)
                0x00000eee                _etext = .

.data           0x00800100       0x1c load address 0x00000eee
                0x00800100                PROVIDE (__data_start, .)
 *(.data)
 .data          0x00800100       0x1b LaserRainbow.o
                0x00800100                VirtualSerial_CDC_Interface
 *(.data*)
 *(.rodata)
 *(.rodata*)
 *(.gnu.linkonce.d*)
                0x0080011c                . = ALIGN (0x2)
 *fill*         0x0080011b        0x1 00
                0x0080011c                _edata = .
                0x0080011c                PROVIDE (__data_end, .)

.bss            0x0080011c       0x1e
                0x0080011c                PROVIDE (__bss_start, .)
 *(.bss)
 .bss           0x0080011c       0x12 LaserRainbow.o
 *(.bss*)
 *(COMMON)
 COMMON         0x0080012e        0x3 lib/trunk/LUFA/Drivers/USB/Core/DeviceStandardReq.o
                0x0080012e                USB_Device_ConfigurationNumber
                0x0080012f                USB_Device_CurrentlySelfPowered
                0x00800130                USB_Device_RemoteWakeupEnabled
 COMMON         0x00800131        0x9 lib/trunk/LUFA/Drivers/USB/Core/USBTask.o
                0x00800131                USB_IsInitialized
                0x00800132                USB_ControlRequest
                0x0080013a                PROVIDE (__bss_end, .)
                0x00000eee                __data_load_start = LOADADDR (.data)
                0x00000f0a                __data_load_end = (__data_load_start + SIZEOF (.data))

.noinit         0x0080013a        0x0
                0x0080013a                PROVIDE (__noinit_start, .)
 *(.noinit*)
                0x0080013a                PROVIDE (__noinit_end, .)
                0x0080013a                _end = .
                0x0080013a                PROVIDE (__heap_start, .)

.eeprom         0x00810000        0x0
 *(.eeprom*)
                0x00810000                __eeprom_end = .

.fuse
 *(.fuse)
 *(.lfuse)
 *(.hfuse)
 *(.efuse)

.lock
 *(.lock*)

.signature
 *(.signature*)

.stab
 *(.stab)

.stabstr
 *(.stabstr)

.stab.excl
 *(.stab.excl)

.stab.exclstr
 *(.stab.exclstr)

.stab.index
 *(.stab.index)

.stab.indexstr
 *(.stab.indexstr)

.comment
 *(.comment)

.debug
 *(.debug)

.line
 *(.line)

.debug_srcinfo
 *(.debug_srcinfo)

.debug_sfnames
 *(.debug_sfnames)

.debug_aranges  0x00000000      0x468
 *(.debug_aranges)
 .debug_aranges
                0x00000000       0x40 LaserRainbow.o
 .debug_aranges
                0x00000040       0x20 Descriptors.o
 .debug_aranges
                0x00000060       0x38 lib/trunk/LUFA/Drivers/USB/Class/Common/HIDParser.o
 .debug_aranges
                0x00000098       0x20 lib/trunk/LUFA/Drivers/USB/Core/AVR8/Device_AVR8.o
 .debug_aranges
                0x000000b8       0xc8 lib/trunk/LUFA/Drivers/USB/Core/AVR8/EndpointStream_AVR8.o
 .debug_aranges
                0x00000180       0x40 lib/trunk/LUFA/Drivers/USB/Core/AVR8/Endpoint_AVR8.o
 .debug_aranges
                0x000001c0       0x30 lib/trunk/LUFA/Drivers/USB/Core/AVR8/USBController_AVR8.o
 .debug_aranges
                0x000001f0       0x30 lib/trunk/LUFA/Drivers/USB/Core/AVR8/USBInterrupt_AVR8.o
 .debug_aranges
                0x00000220       0x38 lib/trunk/LUFA/Drivers/USB/Core/ConfigDescriptors.o
 .debug_aranges
                0x00000258       0x20 lib/trunk/LUFA/Drivers/USB/Core/DeviceStandardReq.o
 .debug_aranges
                0x00000278       0x20 lib/trunk/LUFA/Drivers/USB/Core/Events.o
 .debug_aranges
                0x00000298       0x20 lib/trunk/LUFA/Drivers/USB/Core/USBTask.o
 .debug_aranges
                0x000002b8       0x30 lib/trunk/LUFA/Drivers/USB/Class/Device/AudioClassDevice.o
 .debug_aranges
                0x000002e8       0x98 lib/trunk/LUFA/Drivers/USB/Class/Device/CDCClassDevice.o
 .debug_aranges
                0x00000380       0x30 lib/trunk/LUFA/Drivers/USB/Class/Device/HIDClassDevice.o
 .debug_aranges
                0x000003b0       0x30 lib/trunk/LUFA/Drivers/USB/Class/Device/MassStorageClassDevice.o
 .debug_aranges
                0x000003e0       0x40 lib/trunk/LUFA/Drivers/USB/Class/Device/MIDIClassDevice.o
 .debug_aranges
                0x00000420       0x48 lib/trunk/LUFA/Drivers/USB/Class/Device/RNDISClassDevice.o

.debug_pubnames
                0x00000000      0xc36
 *(.debug_pubnames)
 .debug_pubnames
                0x00000000       0xab LaserRainbow.o
 .debug_pubnames
                0x000000ab       0x9e Descriptors.o
 .debug_pubnames
                0x00000149       0x7e lib/trunk/LUFA/Drivers/USB/Class/Common/HIDParser.o
 .debug_pubnames
                0x000001c7       0x32 lib/trunk/LUFA/Drivers/USB/Core/AVR8/Device_AVR8.o
 .debug_pubnames
                0x000001f9      0x2df lib/trunk/LUFA/Drivers/USB/Core/AVR8/EndpointStream_AVR8.o
 .debug_pubnames
                0x000004d8       0xaf lib/trunk/LUFA/Drivers/USB/Core/AVR8/Endpoint_AVR8.o
 .debug_pubnames
                0x00000587       0x46 lib/trunk/LUFA/Drivers/USB/Core/AVR8/USBController_AVR8.o
 .debug_pubnames
                0x000005cd       0x62 lib/trunk/LUFA/Drivers/USB/Core/AVR8/USBInterrupt_AVR8.o
 .debug_pubnames
                0x0000062f       0x9b lib/trunk/LUFA/Drivers/USB/Core/ConfigDescriptors.o
 .debug_pubnames
                0x000006ca       0xa1 lib/trunk/LUFA/Drivers/USB/Core/DeviceStandardReq.o
 .debug_pubnames
                0x0000076b       0x25 lib/trunk/LUFA/Drivers/USB/Core/Events.o
 .debug_pubnames
                0x00000790       0x4f lib/trunk/LUFA/Drivers/USB/Core/USBTask.o
 .debug_pubnames
                0x000007df       0x79 lib/trunk/LUFA/Drivers/USB/Class/Device/AudioClassDevice.o
 .debug_pubnames
                0x00000858      0x18b lib/trunk/LUFA/Drivers/USB/Class/Device/CDCClassDevice.o
 .debug_pubnames
                0x000009e3       0x70 lib/trunk/LUFA/Drivers/USB/Class/Device/HIDClassDevice.o
 .debug_pubnames
                0x00000a53       0x6d lib/trunk/LUFA/Drivers/USB/Class/Device/MassStorageClassDevice.o
 .debug_pubnames
                0x00000ac0       0xa6 lib/trunk/LUFA/Drivers/USB/Class/Device/MIDIClassDevice.o
 .debug_pubnames
                0x00000b66       0xd0 lib/trunk/LUFA/Drivers/USB/Class/Device/RNDISClassDevice.o

.debug_info     0x00000000     0x7e0e
 *(.debug_info)
 .debug_info    0x00000000      0x473 LaserRainbow.o
 .debug_info    0x00000473      0x674 Descriptors.o
 .debug_info    0x00000ae7      0x6ec lib/trunk/LUFA/Drivers/USB/Class/Common/HIDParser.o
 .debug_info    0x000011d3       0xc4 lib/trunk/LUFA/Drivers/USB/Core/AVR8/Device_AVR8.o
 .debug_info    0x00001297     0x1568 lib/trunk/LUFA/Drivers/USB/Core/AVR8/EndpointStream_AVR8.o
 .debug_info    0x000027ff      0x5e0 lib/trunk/LUFA/Drivers/USB/Core/AVR8/Endpoint_AVR8.o
 .debug_info    0x00002ddf       0x61 lib/trunk/LUFA/Drivers/USB/Core/AVR8/Host_AVR8.o
 .debug_info    0x00002e40       0x61 lib/trunk/LUFA/Drivers/USB/Core/AVR8/PipeStream_AVR8.o
 .debug_info    0x00002ea1       0x61 lib/trunk/LUFA/Drivers/USB/Core/AVR8/Pipe_AVR8.o
 .debug_info    0x00002f02      0x499 lib/trunk/LUFA/Drivers/USB/Core/AVR8/USBController_AVR8.o
 .debug_info    0x0000339b      0x55f lib/trunk/LUFA/Drivers/USB/Core/AVR8/USBInterrupt_AVR8.o
 .debug_info    0x000038fa      0x34b lib/trunk/LUFA/Drivers/USB/Core/ConfigDescriptors.o
 .debug_info    0x00003c45      0x97f lib/trunk/LUFA/Drivers/USB/Core/DeviceStandardReq.o
 .debug_info    0x000045c4       0x79 lib/trunk/LUFA/Drivers/USB/Core/Events.o
 .debug_info    0x0000463d       0x61 lib/trunk/LUFA/Drivers/USB/Core/HostStandardReq.o
 .debug_info    0x0000469e      0x252 lib/trunk/LUFA/Drivers/USB/Core/USBTask.o
 .debug_info    0x000048f0      0x54c lib/trunk/LUFA/Drivers/USB/Class/Device/AudioClassDevice.o
 .debug_info    0x00004e3c      0xbd2 lib/trunk/LUFA/Drivers/USB/Class/Device/CDCClassDevice.o
 .debug_info    0x00005a0e      0x602 lib/trunk/LUFA/Drivers/USB/Class/Device/HIDClassDevice.o
 .debug_info    0x00006010      0x7b8 lib/trunk/LUFA/Drivers/USB/Class/Device/MassStorageClassDevice.o
 .debug_info    0x000067c8      0x4a0 lib/trunk/LUFA/Drivers/USB/Class/Device/MIDIClassDevice.o
 .debug_info    0x00006c68      0xe3d lib/trunk/LUFA/Drivers/USB/Class/Device/RNDISClassDevice.o
 .debug_info    0x00007aa5       0x61 lib/trunk/LUFA/Drivers/USB/Class/Host/AndroidAccessoryClassHost.o
 .debug_info    0x00007b06       0x61 lib/trunk/LUFA/Drivers/USB/Class/Host/AudioClassHost.o
 .debug_info    0x00007b67       0x61 lib/trunk/LUFA/Drivers/USB/Class/Host/CDCClassHost.o
 .debug_info    0x00007bc8       0x61 lib/trunk/LUFA/Drivers/USB/Class/Host/HIDClassHost.o
 .debug_info    0x00007c29       0x61 lib/trunk/LUFA/Drivers/USB/Class/Host/MassStorageClassHost.o
 .debug_info    0x00007c8a       0x61 lib/trunk/LUFA/Drivers/USB/Class/Host/MIDIClassHost.o
 .debug_info    0x00007ceb       0x61 lib/trunk/LUFA/Drivers/USB/Class/Host/PrinterClassHost.o
 .debug_info    0x00007d4c       0x61 lib/trunk/LUFA/Drivers/USB/Class/Host/RNDISClassHost.o
 .debug_info    0x00007dad       0x61 lib/trunk/LUFA/Drivers/USB/Class/Host/StillImageClassHost.o
 *(.gnu.linkonce.wi.*)

.debug_abbrev   0x00000000     0x2031
 *(.debug_abbrev)
 .debug_abbrev  0x00000000      0x1ee LaserRainbow.o
 .debug_abbrev  0x000001ee      0x13c Descriptors.o
 .debug_abbrev  0x0000032a      0x1e7 lib/trunk/LUFA/Drivers/USB/Class/Common/HIDParser.o
 .debug_abbrev  0x00000511       0x79 lib/trunk/LUFA/Drivers/USB/Core/AVR8/Device_AVR8.o
 .debug_abbrev  0x0000058a      0x1b4 lib/trunk/LUFA/Drivers/USB/Core/AVR8/EndpointStream_AVR8.o
 .debug_abbrev  0x0000073e      0x1f4 lib/trunk/LUFA/Drivers/USB/Core/AVR8/Endpoint_AVR8.o
 .debug_abbrev  0x00000932       0x33 lib/trunk/LUFA/Drivers/USB/Core/AVR8/Host_AVR8.o
 .debug_abbrev  0x00000965       0x33 lib/trunk/LUFA/Drivers/USB/Core/AVR8/PipeStream_AVR8.o
 .debug_abbrev  0x00000998       0x33 lib/trunk/LUFA/Drivers/USB/Core/AVR8/Pipe_AVR8.o
 .debug_abbrev  0x000009cb      0x143 lib/trunk/LUFA/Drivers/USB/Core/AVR8/USBController_AVR8.o
 .debug_abbrev  0x00000b0e      0x178 lib/trunk/LUFA/Drivers/USB/Core/AVR8/USBInterrupt_AVR8.o
 .debug_abbrev  0x00000c86      0x15c lib/trunk/LUFA/Drivers/USB/Core/ConfigDescriptors.o
 .debug_abbrev  0x00000de2      0x235 lib/trunk/LUFA/Drivers/USB/Core/DeviceStandardReq.o
 .debug_abbrev  0x00001017       0x4a lib/trunk/LUFA/Drivers/USB/Core/Events.o
 .debug_abbrev  0x00001061       0x33 lib/trunk/LUFA/Drivers/USB/Core/HostStandardReq.o
 .debug_abbrev  0x00001094      0x174 lib/trunk/LUFA/Drivers/USB/Core/USBTask.o
 .debug_abbrev  0x00001208      0x169 lib/trunk/LUFA/Drivers/USB/Class/Device/AudioClassDevice.o
 .debug_abbrev  0x00001371      0x2fb lib/trunk/LUFA/Drivers/USB/Class/Device/CDCClassDevice.o
 .debug_abbrev  0x0000166c      0x1b1 lib/trunk/LUFA/Drivers/USB/Class/Device/HIDClassDevice.o
 .debug_abbrev  0x0000181d      0x20f lib/trunk/LUFA/Drivers/USB/Class/Device/MassStorageClassDevice.o
 .debug_abbrev  0x00001a2c      0x18a lib/trunk/LUFA/Drivers/USB/Class/Device/MIDIClassDevice.o
 .debug_abbrev  0x00001bb6      0x2b0 lib/trunk/LUFA/Drivers/USB/Class/Device/RNDISClassDevice.o
 .debug_abbrev  0x00001e66       0x33 lib/trunk/LUFA/Drivers/USB/Class/Host/AndroidAccessoryClassHost.o
 .debug_abbrev  0x00001e99       0x33 lib/trunk/LUFA/Drivers/USB/Class/Host/AudioClassHost.o
 .debug_abbrev  0x00001ecc       0x33 lib/trunk/LUFA/Drivers/USB/Class/Host/CDCClassHost.o
 .debug_abbrev  0x00001eff       0x33 lib/trunk/LUFA/Drivers/USB/Class/Host/HIDClassHost.o
 .debug_abbrev  0x00001f32       0x33 lib/trunk/LUFA/Drivers/USB/Class/Host/MassStorageClassHost.o
 .debug_abbrev  0x00001f65       0x33 lib/trunk/LUFA/Drivers/USB/Class/Host/MIDIClassHost.o
 .debug_abbrev  0x00001f98       0x33 lib/trunk/LUFA/Drivers/USB/Class/Host/PrinterClassHost.o
 .debug_abbrev  0x00001fcb       0x33 lib/trunk/LUFA/Drivers/USB/Class/Host/RNDISClassHost.o
 .debug_abbrev  0x00001ffe       0x33 lib/trunk/LUFA/Drivers/USB/Class/Host/StillImageClassHost.o

.debug_line     0x00000000     0x622c
 *(.debug_line)
 .debug_line    0x00000000      0x335 LaserRainbow.o
 .debug_line    0x00000335      0x1b5 Descriptors.o
 .debug_line    0x000004ea      0x58b lib/trunk/LUFA/Drivers/USB/Class/Common/HIDParser.o
 .debug_line    0x00000a75      0x12f lib/trunk/LUFA/Drivers/USB/Core/AVR8/Device_AVR8.o
 .debug_line    0x00000ba4     0x17b5 lib/trunk/LUFA/Drivers/USB/Core/AVR8/EndpointStream_AVR8.o
 .debug_line    0x00002359      0x531 lib/trunk/LUFA/Drivers/USB/Core/AVR8/Endpoint_AVR8.o
 .debug_line    0x0000288a       0x3e lib/trunk/LUFA/Drivers/USB/Core/AVR8/Host_AVR8.o
 .debug_line    0x000028c8       0x3e lib/trunk/LUFA/Drivers/USB/Core/AVR8/PipeStream_AVR8.o
 .debug_line    0x00002906       0x3e lib/trunk/LUFA/Drivers/USB/Core/AVR8/Pipe_AVR8.o
 .debug_line    0x00002944      0x368 lib/trunk/LUFA/Drivers/USB/Core/AVR8/USBController_AVR8.o
 .debug_line    0x00002cac      0x52e lib/trunk/LUFA/Drivers/USB/Core/AVR8/USBInterrupt_AVR8.o
 .debug_line    0x000031da      0x248 lib/trunk/LUFA/Drivers/USB/Core/ConfigDescriptors.o
 .debug_line    0x00003422      0x57e lib/trunk/LUFA/Drivers/USB/Core/DeviceStandardReq.o
 .debug_line    0x000039a0       0x84 lib/trunk/LUFA/Drivers/USB/Core/Events.o
 .debug_line    0x00003a24       0x3e lib/trunk/LUFA/Drivers/USB/Core/HostStandardReq.o
 .debug_line    0x00003a62      0x1b3 lib/trunk/LUFA/Drivers/USB/Core/USBTask.o
 .debug_line    0x00003c15      0x4ce lib/trunk/LUFA/Drivers/USB/Class/Device/AudioClassDevice.o
 .debug_line    0x000040e3      0x8ff lib/trunk/LUFA/Drivers/USB/Class/Device/CDCClassDevice.o
 .debug_line    0x000049e2      0x596 lib/trunk/LUFA/Drivers/USB/Class/Device/HIDClassDevice.o
 .debug_line    0x00004f78      0x5c0 lib/trunk/LUFA/Drivers/USB/Class/Device/MassStorageClassDevice.o
 .debug_line    0x00005538      0x395 lib/trunk/LUFA/Drivers/USB/Class/Device/MIDIClassDevice.o
 .debug_line    0x000058cd      0x731 lib/trunk/LUFA/Drivers/USB/Class/Device/RNDISClassDevice.o
 .debug_line    0x00005ffe       0x3e lib/trunk/LUFA/Drivers/USB/Class/Host/AndroidAccessoryClassHost.o
 .debug_line    0x0000603c       0x3e lib/trunk/LUFA/Drivers/USB/Class/Host/AudioClassHost.o
 .debug_line    0x0000607a       0x3e lib/trunk/LUFA/Drivers/USB/Class/Host/CDCClassHost.o
 .debug_line    0x000060b8       0x3e lib/trunk/LUFA/Drivers/USB/Class/Host/HIDClassHost.o
 .debug_line    0x000060f6       0x3e lib/trunk/LUFA/Drivers/USB/Class/Host/MassStorageClassHost.o
 .debug_line    0x00006134       0x3e lib/trunk/LUFA/Drivers/USB/Class/Host/MIDIClassHost.o
 .debug_line    0x00006172       0x3e lib/trunk/LUFA/Drivers/USB/Class/Host/PrinterClassHost.o
 .debug_line    0x000061b0       0x3e lib/trunk/LUFA/Drivers/USB/Class/Host/RNDISClassHost.o
 .debug_line    0x000061ee       0x3e lib/trunk/LUFA/Drivers/USB/Class/Host/StillImageClassHost.o

.debug_frame    0x00000000      0x690
 *(.debug_frame)
 .debug_frame   0x00000000       0x60 LaserRainbow.o
 .debug_frame   0x00000060       0x20 Descriptors.o
 .debug_frame   0x00000080       0x50 lib/trunk/LUFA/Drivers/USB/Class/Common/HIDParser.o
 .debug_frame   0x000000d0       0x20 lib/trunk/LUFA/Drivers/USB/Core/AVR8/Device_AVR8.o
 .debug_frame   0x000000f0      0x170 lib/trunk/LUFA/Drivers/USB/Core/AVR8/EndpointStream_AVR8.o
 .debug_frame   0x00000260       0x60 lib/trunk/LUFA/Drivers/USB/Core/AVR8/Endpoint_AVR8.o
 .debug_frame   0x000002c0       0x40 lib/trunk/LUFA/Drivers/USB/Core/AVR8/USBController_AVR8.o
 .debug_frame   0x00000300       0x40 lib/trunk/LUFA/Drivers/USB/Core/AVR8/USBInterrupt_AVR8.o
 .debug_frame   0x00000340       0x50 lib/trunk/LUFA/Drivers/USB/Core/ConfigDescriptors.o
 .debug_frame   0x00000390       0x20 lib/trunk/LUFA/Drivers/USB/Core/DeviceStandardReq.o
 .debug_frame   0x000003b0       0x20 lib/trunk/LUFA/Drivers/USB/Core/Events.o
 .debug_frame   0x000003d0       0x20 lib/trunk/LUFA/Drivers/USB/Core/USBTask.o
 .debug_frame   0x000003f0       0x40 lib/trunk/LUFA/Drivers/USB/Class/Device/AudioClassDevice.o
 .debug_frame   0x00000430      0x110 lib/trunk/LUFA/Drivers/USB/Class/Device/CDCClassDevice.o
 .debug_frame   0x00000540       0x40 lib/trunk/LUFA/Drivers/USB/Class/Device/HIDClassDevice.o
 .debug_frame   0x00000580       0x40 lib/trunk/LUFA/Drivers/USB/Class/Device/MassStorageClassDevice.o
 .debug_frame   0x000005c0       0x60 lib/trunk/LUFA/Drivers/USB/Class/Device/MIDIClassDevice.o
 .debug_frame   0x00000620       0x70 lib/trunk/LUFA/Drivers/USB/Class/Device/RNDISClassDevice.o

.debug_str      0x00000000     0x34c7
 *(.debug_str)
 .debug_str     0x00000000      0x30c LaserRainbow.o
                                0x384 (size before relaxing)
 .debug_str     0x0000030c      0x531 Descriptors.o
                                0x644 (size before relaxing)
 .debug_str     0x0000083d      0x48b lib/trunk/LUFA/Drivers/USB/Class/Common/HIDParser.o
                                0x5b7 (size before relaxing)
 .debug_str     0x00000cc8       0x7b lib/trunk/LUFA/Drivers/USB/Core/AVR8/Device_AVR8.o
                                0x112 (size before relaxing)
 .debug_str     0x00000d43      0x645 lib/trunk/LUFA/Drivers/USB/Core/AVR8/EndpointStream_AVR8.o
                                0x730 (size before relaxing)
 .debug_str     0x00001388      0x2f2 lib/trunk/LUFA/Drivers/USB/Core/AVR8/Endpoint_AVR8.o
                                0x52c (size before relaxing)
 .debug_str     0x0000167a       0x31 lib/trunk/LUFA/Drivers/USB/Core/AVR8/Host_AVR8.o
                                 0xc2 (size before relaxing)
 .debug_str     0x000016ab       0x37 lib/trunk/LUFA/Drivers/USB/Core/AVR8/PipeStream_AVR8.o
                                 0xc8 (size before relaxing)
 .debug_str     0x000016e2       0x31 lib/trunk/LUFA/Drivers/USB/Core/AVR8/Pipe_AVR8.o
                                 0xc2 (size before relaxing)
 .debug_str     0x00001713      0x251 lib/trunk/LUFA/Drivers/USB/Core/AVR8/USBController_AVR8.o
                                0x414 (size before relaxing)
 .debug_str     0x00001964       0xed lib/trunk/LUFA/Drivers/USB/Core/AVR8/USBInterrupt_AVR8.o
                                0x386 (size before relaxing)
 .debug_str     0x00001a51      0x221 lib/trunk/LUFA/Drivers/USB/Core/ConfigDescriptors.o
                                0x2e0 (size before relaxing)
 .debug_str     0x00001c72      0x406 lib/trunk/LUFA/Drivers/USB/Core/DeviceStandardReq.o
                                0x800 (size before relaxing)
 .debug_str     0x00002078       0x38 lib/trunk/LUFA/Drivers/USB/Core/Events.o
                                 0xc9 (size before relaxing)
 .debug_str     0x000020b0       0x32 lib/trunk/LUFA/Drivers/USB/Core/HostStandardReq.o
                                 0xc3 (size before relaxing)
 .debug_str     0x000020e2       0x6e lib/trunk/LUFA/Drivers/USB/Core/USBTask.o
                                0x270 (size before relaxing)
 .debug_str     0x00002150      0x23d lib/trunk/LUFA/Drivers/USB/Class/Device/AudioClassDevice.o
                                0x4f0 (size before relaxing)
 .debug_str     0x0000238d      0x2fe lib/trunk/LUFA/Drivers/USB/Class/Device/CDCClassDevice.o
                                0x8a4 (size before relaxing)
 .debug_str     0x0000268b      0x1f1 lib/trunk/LUFA/Drivers/USB/Class/Device/HIDClassDevice.o
                                0x51f (size before relaxing)
 .debug_str     0x0000287c      0x241 lib/trunk/LUFA/Drivers/USB/Class/Device/MassStorageClassDevice.o
                                0x680 (size before relaxing)
 .debug_str     0x00002abd      0x11c lib/trunk/LUFA/Drivers/USB/Class/Device/MIDIClassDevice.o
                                0x507 (size before relaxing)
 .debug_str     0x00002bd9      0x6ec lib/trunk/LUFA/Drivers/USB/Class/Device/RNDISClassDevice.o
                                0xbb8 (size before relaxing)
 .debug_str     0x000032c5       0x42 lib/trunk/LUFA/Drivers/USB/Class/Host/AndroidAccessoryClassHost.o
                                 0xd3 (size before relaxing)
 .debug_str     0x00003307       0x37 lib/trunk/LUFA/Drivers/USB/Class/Host/AudioClassHost.o
                                 0xc8 (size before relaxing)
 .debug_str     0x0000333e       0x35 lib/trunk/LUFA/Drivers/USB/Class/Host/CDCClassHost.o
                                 0xc6 (size before relaxing)
 .debug_str     0x00003373       0x35 lib/trunk/LUFA/Drivers/USB/Class/Host/HIDClassHost.o
                                 0xc6 (size before relaxing)
 .debug_str     0x000033a8       0x3d lib/trunk/LUFA/Drivers/USB/Class/Host/MassStorageClassHost.o
                                 0xce (size before relaxing)
 .debug_str     0x000033e5       0x36 lib/trunk/LUFA/Drivers/USB/Class/Host/MIDIClassHost.o
                                 0xc7 (size before relaxing)
 .debug_str     0x0000341b       0x39 lib/trunk/LUFA/Drivers/USB/Class/Host/PrinterClassHost.o
                                 0xca (size before relaxing)
 .debug_str     0x00003454       0x37 lib/trunk/LUFA/Drivers/USB/Class/Host/RNDISClassHost.o
                                 0xc8 (size before relaxing)
 .debug_str     0x0000348b       0x3c lib/trunk/LUFA/Drivers/USB/Class/Host/StillImageClassHost.o
                                 0xcd (size before relaxing)

.debug_loc      0x00000000     0x33b4
 *(.debug_loc)
 .debug_loc     0x00000000       0x4f LaserRainbow.o
 .debug_loc     0x0000004f      0x160 Descriptors.o
 .debug_loc     0x000001af      0x538 lib/trunk/LUFA/Drivers/USB/Class/Common/HIDParser.o
 .debug_loc     0x000006e7     0x1886 lib/trunk/LUFA/Drivers/USB/Core/AVR8/EndpointStream_AVR8.o
 .debug_loc     0x00001f6d      0x11c lib/trunk/LUFA/Drivers/USB/Core/AVR8/Endpoint_AVR8.o
 .debug_loc     0x00002089      0x2c7 lib/trunk/LUFA/Drivers/USB/Core/ConfigDescriptors.o
 .debug_loc     0x00002350      0x21e lib/trunk/LUFA/Drivers/USB/Core/DeviceStandardReq.o
 .debug_loc     0x0000256e      0x25d lib/trunk/LUFA/Drivers/USB/Class/Device/AudioClassDevice.o
 .debug_loc     0x000027cb      0x42c lib/trunk/LUFA/Drivers/USB/Class/Device/CDCClassDevice.o
 .debug_loc     0x00002bf7      0x141 lib/trunk/LUFA/Drivers/USB/Class/Device/HIDClassDevice.o
 .debug_loc     0x00002d38       0x96 lib/trunk/LUFA/Drivers/USB/Class/Device/MassStorageClassDevice.o
 .debug_loc     0x00002dce      0x19a lib/trunk/LUFA/Drivers/USB/Class/Device/MIDIClassDevice.o
 .debug_loc     0x00002f68      0x44c lib/trunk/LUFA/Drivers/USB/Class/Device/RNDISClassDevice.o

.debug_macinfo
 *(.debug_macinfo)
OUTPUT(LaserRainbow.elf elf32-avr)
LOAD linker stubs

.debug_ranges   0x00000000      0x558
 .debug_ranges  0x00000000       0x38 LaserRainbow.o
 .debug_ranges  0x00000038       0x18 Descriptors.o
 .debug_ranges  0x00000050       0xa0 lib/trunk/LUFA/Drivers/USB/Class/Common/HIDParser.o
 .debug_ranges  0x000000f0       0x18 lib/trunk/LUFA/Drivers/USB/Core/AVR8/Device_AVR8.o
 .debug_ranges  0x00000108       0xc0 lib/trunk/LUFA/Drivers/USB/Core/AVR8/EndpointStream_AVR8.o
 .debug_ranges  0x000001c8       0x50 lib/trunk/LUFA/Drivers/USB/Core/AVR8/Endpoint_AVR8.o
 .debug_ranges  0x00000218       0x28 lib/trunk/LUFA/Drivers/USB/Core/AVR8/USBController_AVR8.o
 .debug_ranges  0x00000240       0x28 lib/trunk/LUFA/Drivers/USB/Core/AVR8/USBInterrupt_AVR8.o
 .debug_ranges  0x00000268       0x30 lib/trunk/LUFA/Drivers/USB/Core/ConfigDescriptors.o
 .debug_ranges  0x00000298       0x78 lib/trunk/LUFA/Drivers/USB/Core/DeviceStandardReq.o
 .debug_ranges  0x00000310       0x18 lib/trunk/LUFA/Drivers/USB/Core/Events.o
 .debug_ranges  0x00000328       0x18 lib/trunk/LUFA/Drivers/USB/Core/USBTask.o
 .debug_ranges  0x00000340       0x28 lib/trunk/LUFA/Drivers/USB/Class/Device/AudioClassDevice.o
 .debug_ranges  0x00000368       0x90 lib/trunk/LUFA/Drivers/USB/Class/Device/CDCClassDevice.o
 .debug_ranges  0x000003f8       0x28 lib/trunk/LUFA/Drivers/USB/Class/Device/HIDClassDevice.o
 .debug_ranges  0x00000420       0x78 lib/trunk/LUFA/Drivers/USB/Class/Device/MassStorageClassDevice.o
 .debug_ranges  0x00000498       0x38 lib/trunk/LUFA/Drivers/USB/Class/Device/MIDIClassDevice.o
 .debug_ranges  0x000004d0       0x88 lib/trunk/LUFA/Drivers/USB/Class/Device/RNDISClassDevice.o

Cross Reference Table

Symbol                                            File
Audio_Device_ConfigureEndpoints                   lib/trunk/LUFA/Drivers/USB/Class/Device/AudioClassDevice.o
Audio_Device_Event_Stub                           lib/trunk/LUFA/Drivers/USB/Class/Device/AudioClassDevice.o
Audio_Device_ProcessControlRequest                lib/trunk/LUFA/Drivers/USB/Class/Device/AudioClassDevice.o
CALLBACK_Audio_Device_GetSetEndpointProperty      lib/trunk/LUFA/Drivers/USB/Class/Device/AudioClassDevice.o
CALLBACK_Audio_Device_GetSetInterfaceProperty     lib/trunk/LUFA/Drivers/USB/Class/Device/AudioClassDevice.o
CALLBACK_HIDParser_FilterHIDReportItem            lib/trunk/LUFA/Drivers/USB/Class/Common/HIDParser.o
CALLBACK_HID_Device_CreateHIDReport               lib/trunk/LUFA/Drivers/USB/Class/Device/HIDClassDevice.o
CALLBACK_HID_Device_ProcessHIDReport              lib/trunk/LUFA/Drivers/USB/Class/Device/HIDClassDevice.o
CALLBACK_MS_Device_SCSICommandReceived            lib/trunk/LUFA/Drivers/USB/Class/Device/MassStorageClassDevice.o
CALLBACK_USB_GetDescriptor                        Descriptors.o
                                                  lib/trunk/LUFA/Drivers/USB/Core/DeviceStandardReq.o
CDC_Device_BytesReceived                          lib/trunk/LUFA/Drivers/USB/Class/Device/CDCClassDevice.o
CDC_Device_ConfigureEndpoints                     lib/trunk/LUFA/Drivers/USB/Class/Device/CDCClassDevice.o
                                                  LaserRainbow.o
CDC_Device_CreateBlockingStream                   lib/trunk/LUFA/Drivers/USB/Class/Device/CDCClassDevice.o
                                                  LaserRainbow.o
CDC_Device_CreateStream                           lib/trunk/LUFA/Drivers/USB/Class/Device/CDCClassDevice.o
CDC_Device_Event_Stub                             lib/trunk/LUFA/Drivers/USB/Class/Device/CDCClassDevice.o
CDC_Device_Flush                                  lib/trunk/LUFA/Drivers/USB/Class/Device/CDCClassDevice.o
CDC_Device_ProcessControlRequest                  lib/trunk/LUFA/Drivers/USB/Class/Device/CDCClassDevice.o
                                                  LaserRainbow.o
CDC_Device_ReceiveByte                            lib/trunk/LUFA/Drivers/USB/Class/Device/CDCClassDevice.o
CDC_Device_SendByte                               lib/trunk/LUFA/Drivers/USB/Class/Device/CDCClassDevice.o
CDC_Device_SendControlLineStateChange             lib/trunk/LUFA/Drivers/USB/Class/Device/CDCClassDevice.o
CDC_Device_SendData                               lib/trunk/LUFA/Drivers/USB/Class/Device/CDCClassDevice.o
CDC_Device_SendString                             lib/trunk/LUFA/Drivers/USB/Class/Device/CDCClassDevice.o
CDC_Device_USBTask                                lib/trunk/LUFA/Drivers/USB/Class/Device/CDCClassDevice.o
                                                  LaserRainbow.o
ConfigurationDescriptor                           Descriptors.o
DeviceDescriptor                                  Descriptors.o
EVENT_Audio_Device_StreamStartStop                lib/trunk/LUFA/Drivers/USB/Class/Device/AudioClassDevice.o
EVENT_CDC_Device_BreakSent                        lib/trunk/LUFA/Drivers/USB/Class/Device/CDCClassDevice.o
EVENT_CDC_Device_ControLineStateChanged           lib/trunk/LUFA/Drivers/USB/Class/Device/CDCClassDevice.o
EVENT_CDC_Device_LineEncodingChanged              lib/trunk/LUFA/Drivers/USB/Class/Device/CDCClassDevice.o
EVENT_USB_Device_ConfigurationChanged             LaserRainbow.o
                                                  lib/trunk/LUFA/Drivers/USB/Core/DeviceStandardReq.o
EVENT_USB_Device_Connect                          lib/trunk/LUFA/Drivers/USB/Core/Events.o
                                                  lib/trunk/LUFA/Drivers/USB/Core/AVR8/USBInterrupt_AVR8.o
EVENT_USB_Device_ControlRequest                   LaserRainbow.o
                                                  lib/trunk/LUFA/Drivers/USB/Core/DeviceStandardReq.o
EVENT_USB_Device_Disconnect                       lib/trunk/LUFA/Drivers/USB/Core/Events.o
                                                  lib/trunk/LUFA/Drivers/USB/Core/AVR8/USBInterrupt_AVR8.o
EVENT_USB_Device_Reset                            lib/trunk/LUFA/Drivers/USB/Core/Events.o
                                                  lib/trunk/LUFA/Drivers/USB/Core/AVR8/USBInterrupt_AVR8.o
EVENT_USB_Device_StartOfFrame                     lib/trunk/LUFA/Drivers/USB/Core/Events.o
                                                  lib/trunk/LUFA/Drivers/USB/Core/AVR8/USBInterrupt_AVR8.o
EVENT_USB_Device_Suspend                          lib/trunk/LUFA/Drivers/USB/Core/Events.o
                                                  lib/trunk/LUFA/Drivers/USB/Core/AVR8/USBInterrupt_AVR8.o
EVENT_USB_Device_WakeUp                           lib/trunk/LUFA/Drivers/USB/Core/Events.o
                                                  lib/trunk/LUFA/Drivers/USB/Core/AVR8/USBInterrupt_AVR8.o
Endpoint_ClearEndpoints                           lib/trunk/LUFA/Drivers/USB/Core/AVR8/Endpoint_AVR8.o
Endpoint_ClearStatusStage                         lib/trunk/LUFA/Drivers/USB/Core/AVR8/Endpoint_AVR8.o
                                                  lib/trunk/LUFA/Drivers/USB/Class/Device/MassStorageClassDevice.o
                                                  lib/trunk/LUFA/Drivers/USB/Class/Device/HIDClassDevice.o
                                                  lib/trunk/LUFA/Drivers/USB/Class/Device/CDCClassDevice.o
                                                  lib/trunk/LUFA/Drivers/USB/Class/Device/AudioClassDevice.o
                                                  lib/trunk/LUFA/Drivers/USB/Core/DeviceStandardReq.o
Endpoint_ConfigureEndpointTable                   lib/trunk/LUFA/Drivers/USB/Core/AVR8/Endpoint_AVR8.o
                                                  lib/trunk/LUFA/Drivers/USB/Class/Device/RNDISClassDevice.o
                                                  lib/trunk/LUFA/Drivers/USB/Class/Device/MIDIClassDevice.o
                                                  lib/trunk/LUFA/Drivers/USB/Class/Device/MassStorageClassDevice.o
                                                  lib/trunk/LUFA/Drivers/USB/Class/Device/HIDClassDevice.o
                                                  lib/trunk/LUFA/Drivers/USB/Class/Device/CDCClassDevice.o
                                                  lib/trunk/LUFA/Drivers/USB/Class/Device/AudioClassDevice.o
Endpoint_ConfigureEndpoint_Prv                    lib/trunk/LUFA/Drivers/USB/Core/AVR8/Endpoint_AVR8.o
                                                  lib/trunk/LUFA/Drivers/USB/Core/AVR8/USBInterrupt_AVR8.o
                                                  lib/trunk/LUFA/Drivers/USB/Core/AVR8/USBController_AVR8.o
Endpoint_Discard_Stream                           lib/trunk/LUFA/Drivers/USB/Core/AVR8/EndpointStream_AVR8.o
Endpoint_Null_Stream                              lib/trunk/LUFA/Drivers/USB/Core/AVR8/EndpointStream_AVR8.o
Endpoint_Read_Control_EStream_BE                  lib/trunk/LUFA/Drivers/USB/Core/AVR8/EndpointStream_AVR8.o
Endpoint_Read_Control_EStream_LE                  lib/trunk/LUFA/Drivers/USB/Core/AVR8/EndpointStream_AVR8.o
Endpoint_Read_Control_Stream_BE                   lib/trunk/LUFA/Drivers/USB/Core/AVR8/EndpointStream_AVR8.o
Endpoint_Read_Control_Stream_LE                   lib/trunk/LUFA/Drivers/USB/Core/AVR8/EndpointStream_AVR8.o
                                                  lib/trunk/LUFA/Drivers/USB/Class/Device/RNDISClassDevice.o
                                                  lib/trunk/LUFA/Drivers/USB/Class/Device/HIDClassDevice.o
                                                  lib/trunk/LUFA/Drivers/USB/Class/Device/AudioClassDevice.o
Endpoint_Read_EStream_BE                          lib/trunk/LUFA/Drivers/USB/Core/AVR8/EndpointStream_AVR8.o
Endpoint_Read_EStream_LE                          lib/trunk/LUFA/Drivers/USB/Core/AVR8/EndpointStream_AVR8.o
Endpoint_Read_Stream_BE                           lib/trunk/LUFA/Drivers/USB/Core/AVR8/EndpointStream_AVR8.o
Endpoint_Read_Stream_LE                           lib/trunk/LUFA/Drivers/USB/Core/AVR8/EndpointStream_AVR8.o
                                                  lib/trunk/LUFA/Drivers/USB/Class/Device/RNDISClassDevice.o
                                                  lib/trunk/LUFA/Drivers/USB/Class/Device/MIDIClassDevice.o
                                                  lib/trunk/LUFA/Drivers/USB/Class/Device/MassStorageClassDevice.o
Endpoint_WaitUntilReady                           lib/trunk/LUFA/Drivers/USB/Core/AVR8/Endpoint_AVR8.o
                                                  lib/trunk/LUFA/Drivers/USB/Class/Device/RNDISClassDevice.o
                                                  lib/trunk/LUFA/Drivers/USB/Class/Device/MIDIClassDevice.o
                                                  lib/trunk/LUFA/Drivers/USB/Class/Device/CDCClassDevice.o
                                                  lib/trunk/LUFA/Drivers/USB/Core/AVR8/EndpointStream_AVR8.o
Endpoint_Write_Control_EStream_BE                 lib/trunk/LUFA/Drivers/USB/Core/AVR8/EndpointStream_AVR8.o
Endpoint_Write_Control_EStream_LE                 lib/trunk/LUFA/Drivers/USB/Core/AVR8/EndpointStream_AVR8.o
Endpoint_Write_Control_PStream_BE                 lib/trunk/LUFA/Drivers/USB/Core/AVR8/EndpointStream_AVR8.o
Endpoint_Write_Control_PStream_LE                 lib/trunk/LUFA/Drivers/USB/Core/AVR8/EndpointStream_AVR8.o
                                                  lib/trunk/LUFA/Drivers/USB/Core/DeviceStandardReq.o
Endpoint_Write_Control_Stream_BE                  lib/trunk/LUFA/Drivers/USB/Core/AVR8/EndpointStream_AVR8.o
Endpoint_Write_Control_Stream_LE                  lib/trunk/LUFA/Drivers/USB/Core/AVR8/EndpointStream_AVR8.o
                                                  lib/trunk/LUFA/Drivers/USB/Class/Device/RNDISClassDevice.o
                                                  lib/trunk/LUFA/Drivers/USB/Class/Device/HIDClassDevice.o
                                                  lib/trunk/LUFA/Drivers/USB/Class/Device/AudioClassDevice.o
                                                  lib/trunk/LUFA/Drivers/USB/Core/DeviceStandardReq.o
Endpoint_Write_EStream_BE                         lib/trunk/LUFA/Drivers/USB/Core/AVR8/EndpointStream_AVR8.o
Endpoint_Write_EStream_LE                         lib/trunk/LUFA/Drivers/USB/Core/AVR8/EndpointStream_AVR8.o
Endpoint_Write_PStream_BE                         lib/trunk/LUFA/Drivers/USB/Core/AVR8/EndpointStream_AVR8.o
Endpoint_Write_PStream_LE                         lib/trunk/LUFA/Drivers/USB/Core/AVR8/EndpointStream_AVR8.o
Endpoint_Write_Stream_BE                          lib/trunk/LUFA/Drivers/USB/Core/AVR8/EndpointStream_AVR8.o
Endpoint_Write_Stream_LE                          lib/trunk/LUFA/Drivers/USB/Core/AVR8/EndpointStream_AVR8.o
                                                  lib/trunk/LUFA/Drivers/USB/Class/Device/RNDISClassDevice.o
                                                  lib/trunk/LUFA/Drivers/USB/Class/Device/MIDIClassDevice.o
                                                  lib/trunk/LUFA/Drivers/USB/Class/Device/MassStorageClassDevice.o
                                                  lib/trunk/LUFA/Drivers/USB/Class/Device/HIDClassDevice.o
                                                  lib/trunk/LUFA/Drivers/USB/Class/Device/CDCClassDevice.o
HID_Device_ConfigureEndpoints                     lib/trunk/LUFA/Drivers/USB/Class/Device/HIDClassDevice.o
HID_Device_ProcessControlRequest                  lib/trunk/LUFA/Drivers/USB/Class/Device/HIDClassDevice.o
HID_Device_USBTask                                lib/trunk/LUFA/Drivers/USB/Class/Device/HIDClassDevice.o
LanguageString                                    Descriptors.o
MIDI_Device_ConfigureEndpoints                    lib/trunk/LUFA/Drivers/USB/Class/Device/MIDIClassDevice.o
MIDI_Device_Flush                                 lib/trunk/LUFA/Drivers/USB/Class/Device/MIDIClassDevice.o
MIDI_Device_ReceiveEventPacket                    lib/trunk/LUFA/Drivers/USB/Class/Device/MIDIClassDevice.o
MIDI_Device_SendEventPacket                       lib/trunk/LUFA/Drivers/USB/Class/Device/MIDIClassDevice.o
MIDI_Device_USBTask                               lib/trunk/LUFA/Drivers/USB/Class/Device/MIDIClassDevice.o
MS_Device_ConfigureEndpoints                      lib/trunk/LUFA/Drivers/USB/Class/Device/MassStorageClassDevice.o
MS_Device_ProcessControlRequest                   lib/trunk/LUFA/Drivers/USB/Class/Device/MassStorageClassDevice.o
MS_Device_USBTask                                 lib/trunk/LUFA/Drivers/USB/Class/Device/MassStorageClassDevice.o
ManufacturerString                                Descriptors.o
ProductString                                     Descriptors.o
RNDIS_Device_ConfigureEndpoints                   lib/trunk/LUFA/Drivers/USB/Class/Device/RNDISClassDevice.o
RNDIS_Device_IsPacketReceived                     lib/trunk/LUFA/Drivers/USB/Class/Device/RNDISClassDevice.o
RNDIS_Device_ProcessControlRequest                lib/trunk/LUFA/Drivers/USB/Class/Device/RNDISClassDevice.o
RNDIS_Device_ReadPacket                           lib/trunk/LUFA/Drivers/USB/Class/Device/RNDISClassDevice.o
RNDIS_Device_SendPacket                           lib/trunk/LUFA/Drivers/USB/Class/Device/RNDISClassDevice.o
RNDIS_Device_USBTask                              lib/trunk/LUFA/Drivers/USB/Class/Device/RNDISClassDevice.o
SetupHardware                                     LaserRainbow.o
USB_ControlRequest                                lib/trunk/LUFA/Drivers/USB/Class/Device/RNDISClassDevice.o
                                                  lib/trunk/LUFA/Drivers/USB/Class/Device/MassStorageClassDevice.o
                                                  lib/trunk/LUFA/Drivers/USB/Class/Device/HIDClassDevice.o
                                                  lib/trunk/LUFA/Drivers/USB/Class/Device/CDCClassDevice.o
                                                  lib/trunk/LUFA/Drivers/USB/Class/Device/AudioClassDevice.o
                                                  lib/trunk/LUFA/Drivers/USB/Core/USBTask.o
                                                  lib/trunk/LUFA/Drivers/USB/Core/DeviceStandardReq.o
                                                  lib/trunk/LUFA/Drivers/USB/Core/AVR8/Endpoint_AVR8.o
                                                  lib/trunk/LUFA/Drivers/USB/Core/AVR8/EndpointStream_AVR8.o
USB_Device_ConfigurationNumber                    lib/trunk/LUFA/Drivers/USB/Core/DeviceStandardReq.o
                                                  lib/trunk/LUFA/Drivers/USB/Core/AVR8/USBInterrupt_AVR8.o
                                                  lib/trunk/LUFA/Drivers/USB/Core/AVR8/USBController_AVR8.o
USB_Device_CurrentlySelfPowered                   lib/trunk/LUFA/Drivers/USB/Core/DeviceStandardReq.o
                                                  lib/trunk/LUFA/Drivers/USB/Core/AVR8/USBController_AVR8.o
USB_Device_ProcessControlRequest                  lib/trunk/LUFA/Drivers/USB/Core/DeviceStandardReq.o
                                                  lib/trunk/LUFA/Drivers/USB/Core/USBTask.o
USB_Device_RemoteWakeupEnabled                    lib/trunk/LUFA/Drivers/USB/Core/DeviceStandardReq.o
                                                  lib/trunk/LUFA/Drivers/USB/Core/AVR8/USBController_AVR8.o
USB_Device_SendRemoteWakeup                       lib/trunk/LUFA/Drivers/USB/Core/AVR8/Device_AVR8.o
USB_Disable                                       lib/trunk/LUFA/Drivers/USB/Core/AVR8/USBController_AVR8.o
USB_Event_Stub                                    lib/trunk/LUFA/Drivers/USB/Core/Events.o
USB_GetHIDReportItemInfo                          lib/trunk/LUFA/Drivers/USB/Class/Common/HIDParser.o
USB_GetHIDReportSize                              lib/trunk/LUFA/Drivers/USB/Class/Common/HIDParser.o
USB_GetNextDescriptorComp                         lib/trunk/LUFA/Drivers/USB/Core/ConfigDescriptors.o
USB_GetNextDescriptorOfType                       lib/trunk/LUFA/Drivers/USB/Core/ConfigDescriptors.o
USB_GetNextDescriptorOfTypeAfter                  lib/trunk/LUFA/Drivers/USB/Core/ConfigDescriptors.o
USB_GetNextDescriptorOfTypeBefore                 lib/trunk/LUFA/Drivers/USB/Core/ConfigDescriptors.o
USB_INT_ClearAllInterrupts                        lib/trunk/LUFA/Drivers/USB/Core/AVR8/USBInterrupt_AVR8.o
                                                  lib/trunk/LUFA/Drivers/USB/Core/AVR8/USBController_AVR8.o
USB_INT_DisableAllInterrupts                      lib/trunk/LUFA/Drivers/USB/Core/AVR8/USBInterrupt_AVR8.o
                                                  lib/trunk/LUFA/Drivers/USB/Core/AVR8/USBController_AVR8.o
USB_Init                                          lib/trunk/LUFA/Drivers/USB/Core/AVR8/USBController_AVR8.o
                                                  LaserRainbow.o
USB_IsInitialized                                 lib/trunk/LUFA/Drivers/USB/Core/USBTask.o
                                                  lib/trunk/LUFA/Drivers/USB/Core/AVR8/USBController_AVR8.o
USB_ProcessHIDReport                              lib/trunk/LUFA/Drivers/USB/Class/Common/HIDParser.o
USB_ResetInterface                                lib/trunk/LUFA/Drivers/USB/Core/AVR8/USBController_AVR8.o
USB_SetHIDReportItemInfo                          lib/trunk/LUFA/Drivers/USB/Class/Common/HIDParser.o
USB_USBTask                                       lib/trunk/LUFA/Drivers/USB/Core/USBTask.o
                                                  lib/trunk/LUFA/Drivers/USB/Class/Device/MassStorageClassDevice.o
                                                  lib/trunk/LUFA/Drivers/USB/Class/Device/CDCClassDevice.o
                                                  lib/trunk/LUFA/Drivers/USB/Core/AVR8/EndpointStream_AVR8.o
                                                  LaserRainbow.o
VirtualSerial_CDC_Interface                       LaserRainbow.o
__bad_interrupt                                   c:/winavr-20100110/bin/../lib/gcc/avr/4.3.3/../../../../avr/lib/avr5/crtm32u4.o
__bss_end                                         c:/winavr-20100110/bin/../lib/gcc/avr/4.3.3/avr5\libgcc.a(_clear_bss.o)
__bss_start                                       c:/winavr-20100110/bin/../lib/gcc/avr/4.3.3/avr5\libgcc.a(_clear_bss.o)
__data_end                                        c:/winavr-20100110/bin/../lib/gcc/avr/4.3.3/avr5\libgcc.a(_copy_data.o)
__data_load_start                                 c:/winavr-20100110/bin/../lib/gcc/avr/4.3.3/avr5\libgcc.a(_copy_data.o)
__data_start                                      c:/winavr-20100110/bin/../lib/gcc/avr/4.3.3/avr5\libgcc.a(_copy_data.o)
__do_clear_bss                                    c:/winavr-20100110/bin/../lib/gcc/avr/4.3.3/avr5\libgcc.a(_clear_bss.o)
                                                  lib/trunk/LUFA/Drivers/USB/Core/USBTask.o
                                                  lib/trunk/LUFA/Drivers/USB/Core/DeviceStandardReq.o
                                                  LaserRainbow.o
__do_copy_data                                    c:/winavr-20100110/bin/../lib/gcc/avr/4.3.3/avr5\libgcc.a(_copy_data.o)
                                                  lib/trunk/LUFA/Drivers/USB/Class/Device/RNDISClassDevice.o
                                                  lib/trunk/LUFA/Drivers/USB/Class/Device/CDCClassDevice.o
                                                  LaserRainbow.o
__eerd_byte_m32u4                                 c:/winavr-20100110/bin/../lib/gcc/avr/4.3.3/../../../../avr/lib/avr5\libc.a(eerd_byte_atmega32u4.o)
                                                  lib/trunk/LUFA/Drivers/USB/Core/AVR8/EndpointStream_AVR8.o
__eeupd_byte_m32u4                                c:/winavr-20100110/bin/../lib/gcc/avr/4.3.3/../../../../avr/lib/avr5\libc.a(eeupd_byte_atmega32u4.o)
                                                  lib/trunk/LUFA/Drivers/USB/Core/AVR8/EndpointStream_AVR8.o
__eeupd_r18_m32u4                                 c:/winavr-20100110/bin/../lib/gcc/avr/4.3.3/../../../../avr/lib/avr5\libc.a(eeupd_byte_atmega32u4.o)
__heap_end                                        c:/winavr-20100110/bin/../lib/gcc/avr/4.3.3/../../../../avr/lib/avr5/crtm32u4.o
__init                                            c:/winavr-20100110/bin/../lib/gcc/avr/4.3.3/../../../../avr/lib/avr5/crtm32u4.o
__stack                                           c:/winavr-20100110/bin/../lib/gcc/avr/4.3.3/../../../../avr/lib/avr5/crtm32u4.o
__vector_1                                        c:/winavr-20100110/bin/../lib/gcc/avr/4.3.3/../../../../avr/lib/avr5/crtm32u4.o
__vector_10                                       lib/trunk/LUFA/Drivers/USB/Core/AVR8/USBInterrupt_AVR8.o
                                                  c:/winavr-20100110/bin/../lib/gcc/avr/4.3.3/../../../../avr/lib/avr5/crtm32u4.o
__vector_11                                       c:/winavr-20100110/bin/../lib/gcc/avr/4.3.3/../../../../avr/lib/avr5/crtm32u4.o
__vector_12                                       c:/winavr-20100110/bin/../lib/gcc/avr/4.3.3/../../../../avr/lib/avr5/crtm32u4.o
__vector_13                                       c:/winavr-20100110/bin/../lib/gcc/avr/4.3.3/../../../../avr/lib/avr5/crtm32u4.o
__vector_14                                       c:/winavr-20100110/bin/../lib/gcc/avr/4.3.3/../../../../avr/lib/avr5/crtm32u4.o
__vector_15                                       c:/winavr-20100110/bin/../lib/gcc/avr/4.3.3/../../../../avr/lib/avr5/crtm32u4.o
__vector_16                                       c:/winavr-20100110/bin/../lib/gcc/avr/4.3.3/../../../../avr/lib/avr5/crtm32u4.o
__vector_17                                       c:/winavr-20100110/bin/../lib/gcc/avr/4.3.3/../../../../avr/lib/avr5/crtm32u4.o
__vector_18                                       c:/winavr-20100110/bin/../lib/gcc/avr/4.3.3/../../../../avr/lib/avr5/crtm32u4.o
__vector_19                                       c:/winavr-20100110/bin/../lib/gcc/avr/4.3.3/../../../../avr/lib/avr5/crtm32u4.o
__vector_2                                        c:/winavr-20100110/bin/../lib/gcc/avr/4.3.3/../../../../avr/lib/avr5/crtm32u4.o
__vector_20                                       c:/winavr-20100110/bin/../lib/gcc/avr/4.3.3/../../../../avr/lib/avr5/crtm32u4.o
__vector_21                                       LaserRainbow.o
                                                  c:/winavr-20100110/bin/../lib/gcc/avr/4.3.3/../../../../avr/lib/avr5/crtm32u4.o
__vector_22                                       c:/winavr-20100110/bin/../lib/gcc/avr/4.3.3/../../../../avr/lib/avr5/crtm32u4.o
__vector_23                                       c:/winavr-20100110/bin/../lib/gcc/avr/4.3.3/../../../../avr/lib/avr5/crtm32u4.o
__vector_24                                       c:/winavr-20100110/bin/../lib/gcc/avr/4.3.3/../../../../avr/lib/avr5/crtm32u4.o
__vector_25                                       c:/winavr-20100110/bin/../lib/gcc/avr/4.3.3/../../../../avr/lib/avr5/crtm32u4.o
__vector_26                                       c:/winavr-20100110/bin/../lib/gcc/avr/4.3.3/../../../../avr/lib/avr5/crtm32u4.o
__vector_27                                       c:/winavr-20100110/bin/../lib/gcc/avr/4.3.3/../../../../avr/lib/avr5/crtm32u4.o
__vector_28                                       c:/winavr-20100110/bin/../lib/gcc/avr/4.3.3/../../../../avr/lib/avr5/crtm32u4.o
__vector_29                                       c:/winavr-20100110/bin/../lib/gcc/avr/4.3.3/../../../../avr/lib/avr5/crtm32u4.o
__vector_3                                        c:/winavr-20100110/bin/../lib/gcc/avr/4.3.3/../../../../avr/lib/avr5/crtm32u4.o
__vector_30                                       c:/winavr-20100110/bin/../lib/gcc/avr/4.3.3/../../../../avr/lib/avr5/crtm32u4.o
__vector_31                                       c:/winavr-20100110/bin/../lib/gcc/avr/4.3.3/../../../../avr/lib/avr5/crtm32u4.o
__vector_32                                       c:/winavr-20100110/bin/../lib/gcc/avr/4.3.3/../../../../avr/lib/avr5/crtm32u4.o
__vector_33                                       c:/winavr-20100110/bin/../lib/gcc/avr/4.3.3/../../../../avr/lib/avr5/crtm32u4.o
__vector_34                                       c:/winavr-20100110/bin/../lib/gcc/avr/4.3.3/../../../../avr/lib/avr5/crtm32u4.o
__vector_35                                       c:/winavr-20100110/bin/../lib/gcc/avr/4.3.3/../../../../avr/lib/avr5/crtm32u4.o
__vector_36                                       c:/winavr-20100110/bin/../lib/gcc/avr/4.3.3/../../../../avr/lib/avr5/crtm32u4.o
__vector_37                                       c:/winavr-20100110/bin/../lib/gcc/avr/4.3.3/../../../../avr/lib/avr5/crtm32u4.o
__vector_38                                       c:/winavr-20100110/bin/../lib/gcc/avr/4.3.3/../../../../avr/lib/avr5/crtm32u4.o
__vector_39                                       c:/winavr-20100110/bin/../lib/gcc/avr/4.3.3/../../../../avr/lib/avr5/crtm32u4.o
__vector_4                                        c:/winavr-20100110/bin/../lib/gcc/avr/4.3.3/../../../../avr/lib/avr5/crtm32u4.o
__vector_40                                       c:/winavr-20100110/bin/../lib/gcc/avr/4.3.3/../../../../avr/lib/avr5/crtm32u4.o
__vector_41                                       c:/winavr-20100110/bin/../lib/gcc/avr/4.3.3/../../../../avr/lib/avr5/crtm32u4.o
__vector_42                                       c:/winavr-20100110/bin/../lib/gcc/avr/4.3.3/../../../../avr/lib/avr5/crtm32u4.o
__vector_5                                        c:/winavr-20100110/bin/../lib/gcc/avr/4.3.3/../../../../avr/lib/avr5/crtm32u4.o
__vector_6                                        c:/winavr-20100110/bin/../lib/gcc/avr/4.3.3/../../../../avr/lib/avr5/crtm32u4.o
__vector_7                                        c:/winavr-20100110/bin/../lib/gcc/avr/4.3.3/../../../../avr/lib/avr5/crtm32u4.o
__vector_8                                        c:/winavr-20100110/bin/../lib/gcc/avr/4.3.3/../../../../avr/lib/avr5/crtm32u4.o
__vector_9                                        c:/winavr-20100110/bin/../lib/gcc/avr/4.3.3/../../../../avr/lib/avr5/crtm32u4.o
__vector_default                                  c:/winavr-20100110/bin/../lib/gcc/avr/4.3.3/../../../../avr/lib/avr5/crtm32u4.o
__vectors                                         c:/winavr-20100110/bin/../lib/gcc/avr/4.3.3/../../../../avr/lib/avr5/crtm32u4.o
_exit                                             c:/winavr-20100110/bin/../lib/gcc/avr/4.3.3/avr5\libgcc.a(_exit.o)
exit                                              c:/winavr-20100110/bin/../lib/gcc/avr/4.3.3/avr5\libgcc.a(_exit.o)
                                                  c:/winavr-20100110/bin/../lib/gcc/avr/4.3.3/../../../../avr/lib/avr5/crtm32u4.o
fgetc                                             c:/winavr-20100110/bin/../lib/gcc/avr/4.3.3/../../../../avr/lib/avr5\libc.a(fgetc.o)
                                                  LaserRainbow.o
main                                              LaserRainbow.o
                                                  c:/winavr-20100110/bin/../lib/gcc/avr/4.3.3/../../../../avr/lib/avr5/crtm32u4.o
memcmp                                            c:/winavr-20100110/bin/../lib/gcc/avr/4.3.3/../../../../avr/lib/avr5\libc.a(memcmp.o)
                                                  lib/trunk/LUFA/Drivers/USB/Class/Device/HIDClassDevice.o
memcpy                                            c:/winavr-20100110/bin/../lib/gcc/avr/4.3.3/../../../../avr/lib/avr5\libc.a(memcpy.o)
                                                  lib/trunk/LUFA/Drivers/USB/Class/Device/RNDISClassDevice.o
                                                  lib/trunk/LUFA/Drivers/USB/Class/Device/HIDClassDevice.o
memcpy_P                                          c:/winavr-20100110/bin/../lib/gcc/avr/4.3.3/../../../../avr/lib/avr5\libc.a(memcpy_P.o)
                                                  lib/trunk/LUFA/Drivers/USB/Class/Device/RNDISClassDevice.o
memset                                            c:/winavr-20100110/bin/../lib/gcc/avr/4.3.3/../../../../avr/lib/avr5\libc.a(memset.o)
                                                  lib/trunk/LUFA/Drivers/USB/Class/Device/HIDClassDevice.o
